<?xml version="1.0" encoding="ISO-8859-1" ?>
<link_info>
   <banner>TI ARM Linker Unix v18.12.1.LTS</banner>
   <copyright>Copyright (c) 1996-2018 Texas Instruments Incorporated</copyright>
   <link_time>0x5caefc6d</link_time>
   <link_errors>0x0</link_errors>
   <output_file>Laker_FSAE_Display.out</output_file>
   <entry_point>
      <name>_c_int00_noargs</name>
      <address>0xa579</address>
   </entry_point>
   <input_file_list>
      <input_file id="fl-2">
         <path>./</path>
         <kind>object</kind>
         <file>Flash_custom.obj</file>
         <name>Flash_custom.obj</name>
      </input_file>
      <input_file id="fl-3">
         <path>./</path>
         <kind>object</kind>
         <file>Inputs.obj</file>
         <name>Inputs.obj</name>
      </input_file>
      <input_file id="fl-4">
         <path>./</path>
         <kind>object</kind>
         <file>Math.obj</file>
         <name>Math.obj</name>
      </input_file>
      <input_file id="fl-5">
         <path>./</path>
         <kind>object</kind>
         <file>Outputs.obj</file>
         <name>Outputs.obj</name>
      </input_file>
      <input_file id="fl-6">
         <path>./</path>
         <kind>object</kind>
         <file>Timing.obj</file>
         <name>Timing.obj</name>
      </input_file>
      <input_file id="fl-7">
         <path>./</path>
         <kind>object</kind>
         <file>display.obj</file>
         <name>display.obj</name>
      </input_file>
      <input_file id="fl-8">
         <path>./</path>
         <kind>object</kind>
         <file>main.obj</file>
         <name>main.obj</name>
      </input_file>
      <input_file id="fl-9">
         <path>./</path>
         <kind>object</kind>
         <file>startup_msp432p401r_ccs.obj</file>
         <name>startup_msp432p401r_ccs.obj</name>
      </input_file>
      <input_file id="fl-a">
         <path>./</path>
         <kind>object</kind>
         <file>system_msp432p401r.obj</file>
         <name>system_msp432p401r.obj</name>
      </input_file>
      <input_file id="fl-b">
         <path>./GrLib/fonts/</path>
         <kind>object</kind>
         <file>fontcm20b.obj</file>
         <name>fontcm20b.obj</name>
      </input_file>
      <input_file id="fl-c">
         <path>./GrLib/fonts/</path>
         <kind>object</kind>
         <file>fontcm22b.obj</file>
         <name>fontcm22b.obj</name>
      </input_file>
      <input_file id="fl-d">
         <path>./GrLib/fonts/</path>
         <kind>object</kind>
         <file>fontcm30b.obj</file>
         <name>fontcm30b.obj</name>
      </input_file>
      <input_file id="fl-e">
         <path>./GrLib/fonts/</path>
         <kind>object</kind>
         <file>fontcm38b.obj</file>
         <name>fontcm38b.obj</name>
      </input_file>
      <input_file id="fl-f">
         <path>./GrLib/fonts/</path>
         <kind>object</kind>
         <file>fontcmtt48.obj</file>
         <name>fontcmtt48.obj</name>
      </input_file>
      <input_file id="fl-10">
         <path>./GrLib/fonts/</path>
         <kind>object</kind>
         <file>fontfixed6x8.obj</file>
         <name>fontfixed6x8.obj</name>
      </input_file>
      <input_file id="fl-11">
         <path>./GrLib/grlib/</path>
         <kind>object</kind>
         <file>button.obj</file>
         <name>button.obj</name>
      </input_file>
      <input_file id="fl-12">
         <path>./GrLib/grlib/</path>
         <kind>object</kind>
         <file>checkbox.obj</file>
         <name>checkbox.obj</name>
      </input_file>
      <input_file id="fl-13">
         <path>./GrLib/grlib/</path>
         <kind>object</kind>
         <file>circle.obj</file>
         <name>circle.obj</name>
      </input_file>
      <input_file id="fl-14">
         <path>./GrLib/grlib/</path>
         <kind>object</kind>
         <file>context.obj</file>
         <name>context.obj</name>
      </input_file>
      <input_file id="fl-15">
         <path>./GrLib/grlib/</path>
         <kind>object</kind>
         <file>display.obj</file>
         <name>display.obj</name>
      </input_file>
      <input_file id="fl-16">
         <path>./GrLib/grlib/</path>
         <kind>object</kind>
         <file>image.obj</file>
         <name>image.obj</name>
      </input_file>
      <input_file id="fl-17">
         <path>./GrLib/grlib/</path>
         <kind>object</kind>
         <file>imageButton.obj</file>
         <name>imageButton.obj</name>
      </input_file>
      <input_file id="fl-18">
         <path>./GrLib/grlib/</path>
         <kind>object</kind>
         <file>line.obj</file>
         <name>line.obj</name>
      </input_file>
      <input_file id="fl-19">
         <path>./GrLib/grlib/</path>
         <kind>object</kind>
         <file>radioButton.obj</file>
         <name>radioButton.obj</name>
      </input_file>
      <input_file id="fl-1a">
         <path>./GrLib/grlib/</path>
         <kind>object</kind>
         <file>rectangle.obj</file>
         <name>rectangle.obj</name>
      </input_file>
      <input_file id="fl-1b">
         <path>./GrLib/grlib/</path>
         <kind>object</kind>
         <file>string.obj</file>
         <name>string.obj</name>
      </input_file>
      <input_file id="fl-1c">
         <path>./LcdDriver/</path>
         <kind>object</kind>
         <file>HAL_MSP_EXP432P401R_KITRONIX320X240_SSD2119_SPI.obj</file>
         <name>HAL_MSP_EXP432P401R_KITRONIX320X240_SSD2119_SPI.obj</name>
      </input_file>
      <input_file id="fl-1d">
         <path>./LcdDriver/</path>
         <kind>object</kind>
         <file>kitronix320x240x16_ssd2119_spi.obj</file>
         <name>kitronix320x240x16_ssd2119_spi.obj</name>
      </input_file>
      <input_file id="fl-1e">
         <path>./driverlib/MSP432P4xx/</path>
         <kind>object</kind>
         <file>adc14.obj</file>
         <name>adc14.obj</name>
      </input_file>
      <input_file id="fl-1f">
         <path>./driverlib/MSP432P4xx/</path>
         <kind>object</kind>
         <file>aes256.obj</file>
         <name>aes256.obj</name>
      </input_file>
      <input_file id="fl-20">
         <path>./driverlib/MSP432P4xx/</path>
         <kind>object</kind>
         <file>comp_e.obj</file>
         <name>comp_e.obj</name>
      </input_file>
      <input_file id="fl-21">
         <path>./driverlib/MSP432P4xx/</path>
         <kind>object</kind>
         <file>cpu.obj</file>
         <name>cpu.obj</name>
      </input_file>
      <input_file id="fl-22">
         <path>./driverlib/MSP432P4xx/</path>
         <kind>object</kind>
         <file>crc32.obj</file>
         <name>crc32.obj</name>
      </input_file>
      <input_file id="fl-23">
         <path>./driverlib/MSP432P4xx/</path>
         <kind>object</kind>
         <file>cs.obj</file>
         <name>cs.obj</name>
      </input_file>
      <input_file id="fl-24">
         <path>./driverlib/MSP432P4xx/</path>
         <kind>object</kind>
         <file>dma.obj</file>
         <name>dma.obj</name>
      </input_file>
      <input_file id="fl-25">
         <path>./driverlib/MSP432P4xx/</path>
         <kind>object</kind>
         <file>flash.obj</file>
         <name>flash.obj</name>
      </input_file>
      <input_file id="fl-26">
         <path>./driverlib/MSP432P4xx/</path>
         <kind>object</kind>
         <file>fpu.obj</file>
         <name>fpu.obj</name>
      </input_file>
      <input_file id="fl-27">
         <path>./driverlib/MSP432P4xx/</path>
         <kind>object</kind>
         <file>gpio.obj</file>
         <name>gpio.obj</name>
      </input_file>
      <input_file id="fl-28">
         <path>./driverlib/MSP432P4xx/</path>
         <kind>object</kind>
         <file>i2c.obj</file>
         <name>i2c.obj</name>
      </input_file>
      <input_file id="fl-29">
         <path>./driverlib/MSP432P4xx/</path>
         <kind>object</kind>
         <file>interrupt.obj</file>
         <name>interrupt.obj</name>
      </input_file>
      <input_file id="fl-2a">
         <path>./driverlib/MSP432P4xx/</path>
         <kind>object</kind>
         <file>mpu.obj</file>
         <name>mpu.obj</name>
      </input_file>
      <input_file id="fl-2b">
         <path>./driverlib/MSP432P4xx/</path>
         <kind>object</kind>
         <file>pcm.obj</file>
         <name>pcm.obj</name>
      </input_file>
      <input_file id="fl-2c">
         <path>./driverlib/MSP432P4xx/</path>
         <kind>object</kind>
         <file>pmap.obj</file>
         <name>pmap.obj</name>
      </input_file>
      <input_file id="fl-2d">
         <path>./driverlib/MSP432P4xx/</path>
         <kind>object</kind>
         <file>pss.obj</file>
         <name>pss.obj</name>
      </input_file>
      <input_file id="fl-2e">
         <path>./driverlib/MSP432P4xx/</path>
         <kind>object</kind>
         <file>ref_a.obj</file>
         <name>ref_a.obj</name>
      </input_file>
      <input_file id="fl-2f">
         <path>./driverlib/MSP432P4xx/</path>
         <kind>object</kind>
         <file>reset.obj</file>
         <name>reset.obj</name>
      </input_file>
      <input_file id="fl-30">
         <path>./driverlib/MSP432P4xx/</path>
         <kind>object</kind>
         <file>rtc_c.obj</file>
         <name>rtc_c.obj</name>
      </input_file>
      <input_file id="fl-31">
         <path>./driverlib/MSP432P4xx/</path>
         <kind>object</kind>
         <file>spi.obj</file>
         <name>spi.obj</name>
      </input_file>
      <input_file id="fl-32">
         <path>./driverlib/MSP432P4xx/</path>
         <kind>object</kind>
         <file>sysctl.obj</file>
         <name>sysctl.obj</name>
      </input_file>
      <input_file id="fl-33">
         <path>./driverlib/MSP432P4xx/</path>
         <kind>object</kind>
         <file>systick.obj</file>
         <name>systick.obj</name>
      </input_file>
      <input_file id="fl-34">
         <path>./driverlib/MSP432P4xx/</path>
         <kind>object</kind>
         <file>timer32.obj</file>
         <name>timer32.obj</name>
      </input_file>
      <input_file id="fl-35">
         <path>./driverlib/MSP432P4xx/</path>
         <kind>object</kind>
         <file>timer_a.obj</file>
         <name>timer_a.obj</name>
      </input_file>
      <input_file id="fl-36">
         <path>./driverlib/MSP432P4xx/</path>
         <kind>object</kind>
         <file>uart.obj</file>
         <name>uart.obj</name>
      </input_file>
      <input_file id="fl-37">
         <path>./driverlib/MSP432P4xx/</path>
         <kind>object</kind>
         <file>wdt_a.obj</file>
         <name>wdt_a.obj</name>
      </input_file>
      <input_file id="fl-38">
         <path>./images/</path>
         <kind>object</kind>
         <file>Gear.obj</file>
         <name>Gear.obj</name>
      </input_file>
      <input_file id="fl-39">
         <path>./images/</path>
         <kind>object</kind>
         <file>N.obj</file>
         <name>N.obj</name>
      </input_file>
      <input_file id="fl-3a">
         <path>./images/</path>
         <kind>object</kind>
         <file>five.obj</file>
         <name>five.obj</name>
      </input_file>
      <input_file id="fl-3b">
         <path>./images/</path>
         <kind>object</kind>
         <file>four.obj</file>
         <name>four.obj</name>
      </input_file>
      <input_file id="fl-3c">
         <path>./images/</path>
         <kind>object</kind>
         <file>one.obj</file>
         <name>one.obj</name>
      </input_file>
      <input_file id="fl-3d">
         <path>./images/</path>
         <kind>object</kind>
         <file>three.obj</file>
         <name>three.obj</name>
      </input_file>
      <input_file id="fl-3e">
         <path>./images/</path>
         <kind>object</kind>
         <file>two.obj</file>
         <name>two.obj</name>
      </input_file>
      <input_file id="fl-42">
         <kind>object</kind>
         <file>&lt;internal&gt;</file>
         <name>&lt;internal&gt;</name>
      </input_file>
      <input_file id="fl-f8">
         <path>/opt/ti/ccs901/ccs/tools/compiler/ti-cgt-arm_18.12.1.LTS/lib/</path>
         <kind>archive</kind>
         <file>rtsv7M4_T_le_v4SPD16_eabi.lib</file>
         <name>sprintf.c.obj</name>
      </input_file>
      <input_file id="fl-f9">
         <path>/opt/ti/ccs901/ccs/tools/compiler/ti-cgt-arm_18.12.1.LTS/lib/</path>
         <kind>archive</kind>
         <file>rtsv7M4_T_le_v4SPD16_eabi.lib</file>
         <name>fd_add_t2.asm.obj</name>
      </input_file>
      <input_file id="fl-fa">
         <path>/opt/ti/ccs901/ccs/tools/compiler/ti-cgt-arm_18.12.1.LTS/lib/</path>
         <kind>archive</kind>
         <file>rtsv7M4_T_le_v4SPD16_eabi.lib</file>
         <name>fd_cmp_t2.asm.obj</name>
      </input_file>
      <input_file id="fl-fb">
         <path>/opt/ti/ccs901/ccs/tools/compiler/ti-cgt-arm_18.12.1.LTS/lib/</path>
         <kind>archive</kind>
         <file>rtsv7M4_T_le_v4SPD16_eabi.lib</file>
         <name>fd_div_t2.asm.obj</name>
      </input_file>
      <input_file id="fl-fc">
         <path>/opt/ti/ccs901/ccs/tools/compiler/ti-cgt-arm_18.12.1.LTS/lib/</path>
         <kind>archive</kind>
         <file>rtsv7M4_T_le_v4SPD16_eabi.lib</file>
         <name>fd_mul_t2.asm.obj</name>
      </input_file>
      <input_file id="fl-fd">
         <path>/opt/ti/ccs901/ccs/tools/compiler/ti-cgt-arm_18.12.1.LTS/lib/</path>
         <kind>archive</kind>
         <file>rtsv7M4_T_le_v4SPD16_eabi.lib</file>
         <name>fd_toi_t2.asm.obj</name>
      </input_file>
      <input_file id="fl-fe">
         <path>/opt/ti/ccs901/ccs/tools/compiler/ti-cgt-arm_18.12.1.LTS/lib/</path>
         <kind>archive</kind>
         <file>rtsv7M4_T_le_v4SPD16_eabi.lib</file>
         <name>fd_tos_t2.asm.obj</name>
      </input_file>
      <input_file id="fl-ff">
         <path>/opt/ti/ccs901/ccs/tools/compiler/ti-cgt-arm_18.12.1.LTS/lib/</path>
         <kind>archive</kind>
         <file>rtsv7M4_T_le_v4SPD16_eabi.lib</file>
         <name>fs_tod_t2.asm.obj</name>
      </input_file>
      <input_file id="fl-100">
         <path>/opt/ti/ccs901/ccs/tools/compiler/ti-cgt-arm_18.12.1.LTS/lib/</path>
         <kind>archive</kind>
         <file>rtsv7M4_T_le_v4SPD16_eabi.lib</file>
         <name>i_tofd_t2.asm.obj</name>
      </input_file>
      <input_file id="fl-101">
         <path>/opt/ti/ccs901/ccs/tools/compiler/ti-cgt-arm_18.12.1.LTS/lib/</path>
         <kind>archive</kind>
         <file>rtsv7M4_T_le_v4SPD16_eabi.lib</file>
         <name>memcpy_t2.asm.obj</name>
      </input_file>
      <input_file id="fl-102">
         <path>/opt/ti/ccs901/ccs/tools/compiler/ti-cgt-arm_18.12.1.LTS/lib/</path>
         <kind>archive</kind>
         <file>rtsv7M4_T_le_v4SPD16_eabi.lib</file>
         <name>copy_zero_init.c.obj</name>
      </input_file>
      <input_file id="fl-103">
         <path>/opt/ti/ccs901/ccs/tools/compiler/ti-cgt-arm_18.12.1.LTS/lib/</path>
         <kind>archive</kind>
         <file>rtsv7M4_T_le_v4SPD16_eabi.lib</file>
         <name>copy_decompress_none.c.obj</name>
      </input_file>
      <input_file id="fl-104">
         <path>/opt/ti/ccs901/ccs/tools/compiler/ti-cgt-arm_18.12.1.LTS/lib/</path>
         <kind>archive</kind>
         <file>rtsv7M4_T_le_v4SPD16_eabi.lib</file>
         <name>copy_decompress_lzss.c.obj</name>
      </input_file>
      <input_file id="fl-105">
         <path>/opt/ti/ccs901/ccs/tools/compiler/ti-cgt-arm_18.12.1.LTS/lib/</path>
         <kind>archive</kind>
         <file>rtsv7M4_T_le_v4SPD16_eabi.lib</file>
         <name>boot_cortex_m.c.obj</name>
      </input_file>
      <input_file id="fl-106">
         <path>/opt/ti/ccs901/ccs/tools/compiler/ti-cgt-arm_18.12.1.LTS/lib/</path>
         <kind>archive</kind>
         <file>rtsv7M4_T_le_v4SPD16_eabi.lib</file>
         <name>_printfi.c.obj</name>
      </input_file>
      <input_file id="fl-107">
         <path>/opt/ti/ccs901/ccs/tools/compiler/ti-cgt-arm_18.12.1.LTS/lib/</path>
         <kind>archive</kind>
         <file>rtsv7M4_T_le_v4SPD16_eabi.lib</file>
         <name>s_frexp.c.obj</name>
      </input_file>
      <input_file id="fl-108">
         <path>/opt/ti/ccs901/ccs/tools/compiler/ti-cgt-arm_18.12.1.LTS/lib/</path>
         <kind>archive</kind>
         <file>rtsv7M4_T_le_v4SPD16_eabi.lib</file>
         <name>s_scalbn.c.obj</name>
      </input_file>
      <input_file id="fl-109">
         <path>/opt/ti/ccs901/ccs/tools/compiler/ti-cgt-arm_18.12.1.LTS/lib/</path>
         <kind>archive</kind>
         <file>rtsv7M4_T_le_v4SPD16_eabi.lib</file>
         <name>s_copysign.c.obj</name>
      </input_file>
      <input_file id="fl-10a">
         <path>/opt/ti/ccs901/ccs/tools/compiler/ti-cgt-arm_18.12.1.LTS/lib/</path>
         <kind>archive</kind>
         <file>rtsv7M4_T_le_v4SPD16_eabi.lib</file>
         <name>ull_div_t2.asm.obj</name>
      </input_file>
      <input_file id="fl-10b">
         <path>/opt/ti/ccs901/ccs/tools/compiler/ti-cgt-arm_18.12.1.LTS/lib/</path>
         <kind>archive</kind>
         <file>rtsv7M4_T_le_v4SPD16_eabi.lib</file>
         <name>memset_t2.asm.obj</name>
      </input_file>
      <input_file id="fl-10c">
         <path>/opt/ti/ccs901/ccs/tools/compiler/ti-cgt-arm_18.12.1.LTS/lib/</path>
         <kind>archive</kind>
         <file>rtsv7M4_T_le_v4SPD16_eabi.lib</file>
         <name>autoinit.c.obj</name>
      </input_file>
      <input_file id="fl-10d">
         <path>/opt/ti/ccs901/ccs/tools/compiler/ti-cgt-arm_18.12.1.LTS/lib/</path>
         <kind>archive</kind>
         <file>rtsv7M4_T_le_v4SPD16_eabi.lib</file>
         <name>pre_init.c.obj</name>
      </input_file>
      <input_file id="fl-10e">
         <path>/opt/ti/ccs901/ccs/tools/compiler/ti-cgt-arm_18.12.1.LTS/lib/</path>
         <kind>archive</kind>
         <file>rtsv7M4_T_le_v4SPD16_eabi.lib</file>
         <name>cpy_tbl.c.obj</name>
      </input_file>
      <input_file id="fl-10f">
         <path>/opt/ti/ccs901/ccs/tools/compiler/ti-cgt-arm_18.12.1.LTS/lib/</path>
         <kind>archive</kind>
         <file>rtsv7M4_T_le_v4SPD16_eabi.lib</file>
         <name>exit.c.obj</name>
      </input_file>
      <input_file id="fl-110">
         <path>/opt/ti/ccs901/ccs/tools/compiler/ti-cgt-arm_18.12.1.LTS/lib/</path>
         <kind>archive</kind>
         <file>rtsv7M4_T_le_v4SPD16_eabi.lib</file>
         <name>_lock.c.obj</name>
      </input_file>
      <input_file id="fl-111">
         <path>/opt/ti/ccs901/ccs/tools/compiler/ti-cgt-arm_18.12.1.LTS/lib/</path>
         <kind>archive</kind>
         <file>rtsv7M4_T_le_v4SPD16_eabi.lib</file>
         <name>args_main.c.obj</name>
      </input_file>
      <input_file id="fl-112">
         <path>/opt/ti/ccs901/ccs/tools/compiler/ti-cgt-arm_18.12.1.LTS/lib/</path>
         <kind>archive</kind>
         <file>rtsv7M4_T_le_v4SPD16_eabi.lib</file>
         <name>atoi.c.obj</name>
      </input_file>
      <input_file id="fl-113">
         <path>/opt/ti/ccs901/ccs/tools/compiler/ti-cgt-arm_18.12.1.LTS/lib/</path>
         <kind>archive</kind>
         <file>rtsv7M4_T_le_v4SPD16_eabi.lib</file>
         <name>ctype.c.obj</name>
      </input_file>
      <input_file id="fl-114">
         <path>/opt/ti/ccs901/ccs/tools/compiler/ti-cgt-arm_18.12.1.LTS/lib/</path>
         <kind>archive</kind>
         <file>rtsv7M4_T_le_v4SPD16_eabi.lib</file>
         <name>ltoa.c.obj</name>
      </input_file>
      <input_file id="fl-115">
         <path>/opt/ti/ccs901/ccs/tools/compiler/ti-cgt-arm_18.12.1.LTS/lib/</path>
         <kind>archive</kind>
         <file>rtsv7M4_T_le_v4SPD16_eabi.lib</file>
         <name>memccpy.c.obj</name>
      </input_file>
      <input_file id="fl-116">
         <path>/opt/ti/ccs901/ccs/tools/compiler/ti-cgt-arm_18.12.1.LTS/lib/</path>
         <kind>archive</kind>
         <file>rtsv7M4_T_le_v4SPD16_eabi.lib</file>
         <name>strchr.c.obj</name>
      </input_file>
      <input_file id="fl-117">
         <path>/opt/ti/ccs901/ccs/tools/compiler/ti-cgt-arm_18.12.1.LTS/lib/</path>
         <kind>archive</kind>
         <file>rtsv7M4_T_le_v4SPD16_eabi.lib</file>
         <name>strlen.c.obj</name>
      </input_file>
      <input_file id="fl-118">
         <path>/opt/ti/ccs901/ccs/tools/compiler/ti-cgt-arm_18.12.1.LTS/lib/</path>
         <kind>archive</kind>
         <file>rtsv7M4_T_le_v4SPD16_eabi.lib</file>
         <name>errno.c.obj</name>
      </input_file>
      <input_file id="fl-119">
         <path>/opt/ti/ccs901/ccs/tools/compiler/ti-cgt-arm_18.12.1.LTS/lib/</path>
         <kind>archive</kind>
         <file>rtsv7M4_T_le_v4SPD16_eabi.lib</file>
         <name>wcslen.c.obj</name>
      </input_file>
      <input_file id="fl-11a">
         <path>/opt/ti/ccs901/ccs/tools/compiler/ti-cgt-arm_18.12.1.LTS/lib/</path>
         <kind>archive</kind>
         <file>rtsv7M4_T_le_v4SPD16_eabi.lib</file>
         <name>div0.asm.obj</name>
      </input_file>
   </input_file_list>
   <object_component_list>
      <object_component id="oc-23">
         <name>.intvecs:retain</name>
         <load_address>0x0</load_address>
         <run_address>0x0</run_address>
         <size>0xe4</size>
         <input_file_ref idref="fl-9"/>
      </object_component>
      <object_component id="oc-c7">
         <name>.text</name>
         <load_address>0xe4</load_address>
         <run_address>0xe4</run_address>
         <size>0x159c</size>
         <input_file_ref idref="fl-25"/>
      </object_component>
      <object_component id="oc-bb">
         <name>.text</name>
         <load_address>0x1680</load_address>
         <run_address>0x1680</run_address>
         <size>0xd80</size>
         <input_file_ref idref="fl-23"/>
      </object_component>
      <object_component id="oc-115">
         <name>.text</name>
         <load_address>0x2400</load_address>
         <run_address>0x2400</run_address>
         <size>0xb9c</size>
         <input_file_ref idref="fl-7"/>
      </object_component>
      <object_component id="oc-303">
         <name>.text:__TI_printfi</name>
         <load_address>0x2f9c</load_address>
         <run_address>0x2f9c</run_address>
         <size>0xa4e</size>
         <input_file_ref idref="fl-106"/>
      </object_component>
      <object_component id="oc-4bf">
         <name>.text</name>
         <load_address>0x39ea</load_address>
         <run_address>0x39ea</run_address>
         <size>0x2</size>
         <input_file_ref idref="fl-11a"/>
      </object_component>
      <object_component id="oc-3ab">
         <name>.text</name>
         <load_address>0x39ec</load_address>
         <run_address>0x39ec</run_address>
         <size>0x8a4</size>
         <input_file_ref idref="fl-31"/>
      </object_component>
      <object_component id="oc-c1">
         <name>.text</name>
         <load_address>0x4290</load_address>
         <run_address>0x4290</run_address>
         <size>0x838</size>
         <input_file_ref idref="fl-2b"/>
      </object_component>
      <object_component id="oc-1d8">
         <name>.text</name>
         <load_address>0x4ac8</load_address>
         <run_address>0x4ac8</run_address>
         <size>0x778</size>
         <input_file_ref idref="fl-1d"/>
      </object_component>
      <object_component id="oc-1e4">
         <name>.text</name>
         <load_address>0x5240</load_address>
         <run_address>0x5240</run_address>
         <size>0x630</size>
         <input_file_ref idref="fl-1b"/>
      </object_component>
      <object_component id="oc-121">
         <name>.text</name>
         <load_address>0x5870</load_address>
         <run_address>0x5870</run_address>
         <size>0x5d8</size>
         <input_file_ref idref="fl-2"/>
      </object_component>
      <object_component id="oc-18a">
         <name>.text</name>
         <load_address>0x5e48</load_address>
         <run_address>0x5e48</run_address>
         <size>0x508</size>
         <input_file_ref idref="fl-30"/>
      </object_component>
      <object_component id="oc-207">
         <name>.text</name>
         <load_address>0x6350</load_address>
         <run_address>0x6350</run_address>
         <size>0x498</size>
         <input_file_ref idref="fl-13"/>
      </object_component>
      <object_component id="oc-1ea">
         <name>.text</name>
         <load_address>0x67e8</load_address>
         <run_address>0x67e8</run_address>
         <size>0x490</size>
         <input_file_ref idref="fl-18"/>
      </object_component>
      <object_component id="oc-b5">
         <name>.text</name>
         <load_address>0x6c78</load_address>
         <run_address>0x6c78</run_address>
         <size>0x480</size>
         <input_file_ref idref="fl-27"/>
      </object_component>
      <object_component id="oc-1f0">
         <name>.text</name>
         <load_address>0x70f8</load_address>
         <run_address>0x70f8</run_address>
         <size>0x452</size>
         <input_file_ref idref="fl-16"/>
      </object_component>
      <object_component id="oc-cd">
         <name>.text</name>
         <load_address>0x754c</load_address>
         <run_address>0x754c</run_address>
         <size>0x3f0</size>
         <input_file_ref idref="fl-29"/>
      </object_component>
      <object_component id="oc-11b">
         <name>.text</name>
         <load_address>0x793c</load_address>
         <run_address>0x793c</run_address>
         <size>0x350</size>
         <input_file_ref idref="fl-4"/>
      </object_component>
      <object_component id="oc-1f6">
         <name>.text</name>
         <load_address>0x7c8c</load_address>
         <run_address>0x7c8c</run_address>
         <size>0x33e</size>
         <input_file_ref idref="fl-1a"/>
      </object_component>
      <object_component id="oc-ae">
         <name>.text</name>
         <load_address>0x7fcc</load_address>
         <run_address>0x7fcc</run_address>
         <size>0x328</size>
         <input_file_ref idref="fl-a"/>
      </object_component>
      <object_component id="oc-3f3">
         <name>.text:_pconv_a</name>
         <load_address>0x82f4</load_address>
         <run_address>0x82f4</run_address>
         <size>0x270</size>
         <input_file_ref idref="fl-106"/>
      </object_component>
      <object_component id="oc-1de">
         <name>.text</name>
         <load_address>0x8564</load_address>
         <run_address>0x8564</run_address>
         <size>0x266</size>
         <input_file_ref idref="fl-14"/>
      </object_component>
      <object_component id="oc-6a">
         <name>.text</name>
         <load_address>0x87cc</load_address>
         <run_address>0x87cc</run_address>
         <size>0x254</size>
         <input_file_ref idref="fl-6"/>
      </object_component>
      <object_component id="oc-17c">
         <name>.text</name>
         <load_address>0x8a20</load_address>
         <run_address>0x8a20</run_address>
         <size>0x244</size>
         <input_file_ref idref="fl-32"/>
      </object_component>
      <object_component id="oc-70">
         <name>.text</name>
         <load_address>0x8c64</load_address>
         <run_address>0x8c64</run_address>
         <size>0x1d0</size>
         <input_file_ref idref="fl-3"/>
      </object_component>
      <object_component id="oc-3e1">
         <name>.text:_pconv_g</name>
         <load_address>0x8e34</load_address>
         <run_address>0x8e34</run_address>
         <size>0x1d0</size>
         <input_file_ref idref="fl-106"/>
      </object_component>
      <object_component id="oc-9c">
         <name>.text</name>
         <load_address>0x9004</load_address>
         <run_address>0x9004</run_address>
         <size>0x1d0</size>
         <input_file_ref idref="fl-8"/>
      </object_component>
      <object_component id="oc-276">
         <name>.text</name>
         <load_address>0x91d4</load_address>
         <run_address>0x91d4</run_address>
         <size>0x1b6</size>
         <input_file_ref idref="fl-f9"/>
      </object_component>
      <object_component id="oc-2e7">
         <name>.text</name>
         <load_address>0x938c</load_address>
         <run_address>0x938c</run_address>
         <size>0x1a0</size>
         <input_file_ref idref="fl-1c"/>
      </object_component>
      <object_component id="oc-3ed">
         <name>.text:_pconv_e</name>
         <load_address>0x952c</load_address>
         <run_address>0x952c</run_address>
         <size>0x13c</size>
         <input_file_ref idref="fl-106"/>
      </object_component>
      <object_component id="oc-25d">
         <name>.text</name>
         <load_address>0x9668</load_address>
         <run_address>0x9668</run_address>
         <size>0x136</size>
         <input_file_ref idref="fl-fb"/>
      </object_component>
      <object_component id="oc-2ef">
         <name>.text</name>
         <load_address>0x979e</load_address>
         <run_address>0x979e</run_address>
         <size>0x134</size>
         <input_file_ref idref="fl-15"/>
      </object_component>
      <object_component id="oc-474">
         <name>.text:fcvt</name>
         <load_address>0x98d4</load_address>
         <run_address>0x98d4</run_address>
         <size>0x124</size>
         <input_file_ref idref="fl-106"/>
      </object_component>
      <object_component id="oc-488">
         <name>.text:scalbn</name>
         <load_address>0x99f8</load_address>
         <run_address>0x99f8</run_address>
         <size>0x110</size>
         <input_file_ref idref="fl-108"/>
      </object_component>
      <object_component id="oc-262">
         <name>.text</name>
         <load_address>0x9b08</load_address>
         <run_address>0x9b08</run_address>
         <size>0xfc</size>
         <input_file_ref idref="fl-fc"/>
      </object_component>
      <object_component id="oc-109">
         <name>.text</name>
         <load_address>0x9c04</load_address>
         <run_address>0x9c04</run_address>
         <size>0xd8</size>
         <input_file_ref idref="fl-37"/>
      </object_component>
      <object_component id="oc-10f">
         <name>.text</name>
         <load_address>0x9cdc</load_address>
         <run_address>0x9cdc</run_address>
         <size>0xc0</size>
         <input_file_ref idref="fl-26"/>
      </object_component>
      <object_component id="oc-3d6">
         <name>.text:_ltostr</name>
         <load_address>0x9d9c</load_address>
         <run_address>0x9d9c</run_address>
         <size>0xb1</size>
         <input_file_ref idref="fl-106"/>
      </object_component>
      <object_component id="oc-34">
         <name>.text</name>
         <load_address>0x9e4e</load_address>
         <run_address>0x9e4e</run_address>
         <size>0x9c</size>
         <input_file_ref idref="fl-101"/>
      </object_component>
      <object_component id="oc-45a">
         <name>.text</name>
         <load_address>0x9eea</load_address>
         <run_address>0x9eea</run_address>
         <size>0x96</size>
         <input_file_ref idref="fl-10a"/>
      </object_component>
      <object_component id="oc-3dc">
         <name>.text:__aeabi_cdcmple</name>
         <load_address>0x9f80</load_address>
         <run_address>0x9f80</run_address>
         <size>0x86</size>
         <input_file_ref idref="fl-fa"/>
      </object_component>
      <object_component id="oc-27b">
         <name>.text:__aeabi_cdrcmple</name>
         <load_address>0xa006</load_address>
         <run_address>0xa006</run_address>
         <size>0x86</size>
         <input_file_ref idref="fl-fa"/>
      </object_component>
      <object_component id="oc-90">
         <name>.text</name>
         <load_address>0xa08c</load_address>
         <run_address>0xa08c</run_address>
         <size>0x7a</size>
         <input_file_ref idref="fl-10b"/>
      </object_component>
      <object_component id="oc-46d">
         <name>.text:_mcpy</name>
         <load_address>0xa106</load_address>
         <run_address>0xa106</run_address>
         <size>0x6e</size>
         <input_file_ref idref="fl-106"/>
      </object_component>
      <object_component id="oc-267">
         <name>.text</name>
         <load_address>0xa174</load_address>
         <run_address>0xa174</run_address>
         <size>0x6e</size>
         <input_file_ref idref="fl-fe"/>
      </object_component>
      <object_component id="oc-14">
         <name>.text:decompress:lzss:__TI_decompress_lzss</name>
         <load_address>0xa1e2</load_address>
         <run_address>0xa1e2</run_address>
         <size>0x68</size>
         <input_file_ref idref="fl-104"/>
      </object_component>
      <object_component id="oc-482">
         <name>.text:frexp</name>
         <load_address>0xa24c</load_address>
         <run_address>0xa24c</run_address>
         <size>0x64</size>
         <input_file_ref idref="fl-107"/>
      </object_component>
      <object_component id="oc-3e7">
         <name>.text:_pconv_f</name>
         <load_address>0xa2b0</load_address>
         <run_address>0xa2b0</run_address>
         <size>0x56</size>
         <input_file_ref idref="fl-106"/>
      </object_component>
      <object_component id="oc-461">
         <name>.text:ltoa</name>
         <load_address>0xa306</load_address>
         <run_address>0xa306</run_address>
         <size>0x54</size>
         <input_file_ref idref="fl-114"/>
      </object_component>
      <object_component id="oc-467">
         <name>.text:_ecpy</name>
         <load_address>0xa35a</load_address>
         <run_address>0xa35a</run_address>
         <size>0x52</size>
         <input_file_ref idref="fl-106"/>
      </object_component>
      <object_component id="oc-3d0">
         <name>.text:atoi</name>
         <load_address>0xa3ac</load_address>
         <run_address>0xa3ac</run_address>
         <size>0x4c</size>
         <input_file_ref idref="fl-112"/>
      </object_component>
      <object_component id="oc-26c">
         <name>.text</name>
         <load_address>0xa3f8</load_address>
         <run_address>0xa3f8</run_address>
         <size>0x48</size>
         <input_file_ref idref="fl-fd"/>
      </object_component>
      <object_component id="oc-136">
         <name>.text:__TI_auto_init_nobinit_nopinit:__TI_auto_init_nobinit_nopinit</name>
         <load_address>0xa440</load_address>
         <run_address>0xa440</run_address>
         <size>0x44</size>
         <input_file_ref idref="fl-10c"/>
      </object_component>
      <object_component id="oc-201">
         <name>.text:sprintf</name>
         <load_address>0xa484</load_address>
         <run_address>0xa484</run_address>
         <size>0x40</size>
         <input_file_ref idref="fl-f8"/>
      </object_component>
      <object_component id="oc-47a">
         <name>.text:_fcpy</name>
         <load_address>0xa4c4</load_address>
         <run_address>0xa4c4</run_address>
         <size>0x3e</size>
         <input_file_ref idref="fl-106"/>
      </object_component>
      <object_component id="oc-184">
         <name>.text</name>
         <load_address>0xa502</load_address>
         <run_address>0xa502</run_address>
         <size>0x3e</size>
         <input_file_ref idref="fl-21"/>
      </object_component>
      <object_component id="oc-1fc">
         <name>.text</name>
         <load_address>0xa540</load_address>
         <run_address>0xa540</run_address>
         <size>0x38</size>
         <input_file_ref idref="fl-ff"/>
      </object_component>
      <object_component id="oc-52">
         <name>.text:_c_int00_noargs:_c_int00_noargs</name>
         <load_address>0xa578</load_address>
         <run_address>0xa578</run_address>
         <size>0x34</size>
         <input_file_ref idref="fl-105"/>
      </object_component>
      <object_component id="oc-271">
         <name>.text</name>
         <load_address>0xa5ac</load_address>
         <run_address>0xa5ac</run_address>
         <size>0x2e</size>
         <input_file_ref idref="fl-100"/>
      </object_component>
      <object_component id="oc-3f9">
         <name>.text:memccpy</name>
         <load_address>0xa5da</load_address>
         <run_address>0xa5da</run_address>
         <size>0x1c</size>
         <input_file_ref idref="fl-115"/>
      </object_component>
      <object_component id="oc-4d2">
         <name>.text:copysign</name>
         <load_address>0xa5f6</load_address>
         <run_address>0xa5f6</run_address>
         <size>0x1a</size>
         <input_file_ref idref="fl-109"/>
      </object_component>
      <object_component id="oc-309">
         <name>.text:_outs</name>
         <load_address>0xa610</load_address>
         <run_address>0xa610</run_address>
         <size>0x18</size>
         <input_file_ref idref="fl-f8"/>
      </object_component>
      <object_component id="oc-48e">
         <name>.text:strchr</name>
         <load_address>0xa628</load_address>
         <run_address>0xa628</run_address>
         <size>0x16</size>
         <input_file_ref idref="fl-116"/>
      </object_component>
      <object_component id="oc-3ca">
         <name>.text:strlen</name>
         <load_address>0xa63e</load_address>
         <run_address>0xa63e</run_address>
         <size>0x14</size>
         <input_file_ref idref="fl-117"/>
      </object_component>
      <object_component id="oc-3ff">
         <name>.text:wcslen</name>
         <load_address>0xa652</load_address>
         <run_address>0xa652</run_address>
         <size>0x12</size>
         <input_file_ref idref="fl-119"/>
      </object_component>
      <object_component id="oc-1a">
         <name>.text:decompress:none:__TI_decompress_none</name>
         <load_address>0xa664</load_address>
         <run_address>0xa664</run_address>
         <size>0xe</size>
         <input_file_ref idref="fl-103"/>
      </object_component>
      <object_component id="oc-64">
         <name>.text</name>
         <load_address>0xa672</load_address>
         <run_address>0xa672</run_address>
         <size>0xe</size>
         <input_file_ref idref="fl-9"/>
      </object_component>
      <object_component id="oc-46">
         <name>.text:decompress:ZI:__TI_zero_init</name>
         <load_address>0xa680</load_address>
         <run_address>0xa680</run_address>
         <size>0xc</size>
         <input_file_ref idref="fl-102"/>
      </object_component>
      <object_component id="oc-30f">
         <name>.text:_outc</name>
         <load_address>0xa68c</load_address>
         <run_address>0xa68c</run_address>
         <size>0xa</size>
         <input_file_ref idref="fl-f8"/>
      </object_component>
      <object_component id="oc-405">
         <name>.text:__aeabi_errno_addr</name>
         <load_address>0xa698</load_address>
         <run_address>0xa698</run_address>
         <size>0x8</size>
         <input_file_ref idref="fl-118"/>
      </object_component>
      <object_component id="oc-96">
         <name>.text:_system_pre_init</name>
         <load_address>0xa6a0</load_address>
         <run_address>0xa6a0</run_address>
         <size>0x4</size>
         <input_file_ref idref="fl-10d"/>
      </object_component>
      <object_component id="oc-12a">
         <name>.text:abort:abort</name>
         <load_address>0xa6a4</load_address>
         <run_address>0xa6a4</run_address>
         <size>0x4</size>
         <input_file_ref idref="fl-10f"/>
      </object_component>
      <object_component id="oc-340">
         <name>.const:.string:g_pucCmtt48Data</name>
         <load_address>0xa6a8</load_address>
         <run_address>0xa6a8</run_address>
         <size>0x16bd</size>
         <input_file_ref idref="fl-f"/>
      </object_component>
      <object_component id="oc-327">
         <name>.const:.string:g_pucCm38bData</name>
         <load_address>0xbd65</load_address>
         <run_address>0xbd65</run_address>
         <size>0x114a</size>
         <input_file_ref idref="fl-e"/>
      </object_component>
      <object_component id="oc-367">
         <name>.const:.string:g_pucCm30bData</name>
         <load_address>0xceaf</load_address>
         <run_address>0xceaf</run_address>
         <size>0xd2c</size>
         <input_file_ref idref="fl-d"/>
      </object_component>
      <object_component id="oc-36d">
         <name>.const:.string:g_pucCm22bData</name>
         <load_address>0xdbdb</load_address>
         <run_address>0xdbdb</run_address>
         <size>0xa29</size>
         <input_file_ref idref="fl-c"/>
      </object_component>
      <object_component id="oc-32d">
         <name>.const:.string:g_pucCm20bData</name>
         <load_address>0xe604</load_address>
         <run_address>0xe604</run_address>
         <size>0x94d</size>
         <input_file_ref idref="fl-b"/>
      </object_component>
      <object_component id="oc-361">
         <name>.const:.string:pixel_Gear1BPP_UNCOMP</name>
         <load_address>0xef51</load_address>
         <run_address>0xef51</run_address>
         <size>0x320</size>
         <input_file_ref idref="fl-38"/>
      </object_component>
      <object_component id="oc-336">
         <name>.const:.string:pixel_N1BPP_UNCOMP</name>
         <load_address>0xf271</load_address>
         <run_address>0xf271</run_address>
         <size>0x320</size>
         <input_file_ref idref="fl-39"/>
      </object_component>
      <object_component id="oc-455">
         <name>.const:.string:_ctypes_</name>
         <load_address>0xf591</load_address>
         <run_address>0xf591</run_address>
         <size>0x101</size>
         <input_file_ref idref="fl-113"/>
      </object_component>
      <object_component id="oc-216">
         <name>.const:g_sFontCm20b</name>
         <load_address>0xf694</load_address>
         <run_address>0xf694</run_address>
         <size>0xc8</size>
         <input_file_ref idref="fl-b"/>
      </object_component>
      <object_component id="oc-251">
         <name>.const:g_sFontCm22b</name>
         <load_address>0xf75c</load_address>
         <run_address>0xf75c</run_address>
         <size>0xc8</size>
         <input_file_ref idref="fl-c"/>
      </object_component>
      <object_component id="oc-24e">
         <name>.const:g_sFontCm30b</name>
         <load_address>0xf824</load_address>
         <run_address>0xf824</run_address>
         <size>0xc8</size>
         <input_file_ref idref="fl-d"/>
      </object_component>
      <object_component id="oc-213">
         <name>.const:g_sFontCm38b</name>
         <load_address>0xf8ec</load_address>
         <run_address>0xf8ec</run_address>
         <size>0xc8</size>
         <input_file_ref idref="fl-e"/>
      </object_component>
      <object_component id="oc-224">
         <name>.const:g_sFontCmtt48</name>
         <load_address>0xf9b4</load_address>
         <run_address>0xf9b4</run_address>
         <size>0xc8</size>
         <input_file_ref idref="fl-f"/>
      </object_component>
      <object_component id="oc-19d">
         <name>.const:g_pulRegs</name>
         <load_address>0xfa7c</load_address>
         <run_address>0xfa7c</run_address>
         <size>0x50</size>
         <input_file_ref idref="fl-29"/>
      </object_component>
      <object_component id="oc-210">
         <name>.const:g_sKitronix320x240x16_SSD2119</name>
         <load_address>0xfacc</load_address>
         <run_address>0xfacc</run_address>
         <size>0x2c</size>
         <input_file_ref idref="fl-1d"/>
      </object_component>
      <object_component id="oc-19a">
         <name>.const:g_pulPriority</name>
         <load_address>0xfaf8</load_address>
         <run_address>0xfaf8</run_address>
         <size>0x20</size>
         <input_file_ref idref="fl-29"/>
      </object_component>
      <object_component id="oc-3b1">
         <name>.const:$P$T0$1</name>
         <load_address>0xfb18</load_address>
         <run_address>0xfb18</run_address>
         <size>0x1c</size>
         <input_file_ref idref="fl-1c"/>
      </object_component>
      <object_component id="oc-16f">
         <name>.const:GPIO_PORT_TO_INT</name>
         <load_address>0xfb34</load_address>
         <run_address>0xfb34</run_address>
         <size>0x1c</size>
         <input_file_ref idref="fl-27"/>
      </object_component>
      <object_component id="oc-254">
         <name>.const:$P$T14$15</name>
         <load_address>0xfb50</load_address>
         <run_address>0xfb50</run_address>
         <size>0x14</size>
         <input_file_ref idref="fl-7"/>
      </object_component>
      <object_component id="oc-24b">
         <name>.const:Gear1BPP_UNCOMP</name>
         <load_address>0xfb64</load_address>
         <run_address>0xfb64</run_address>
         <size>0x10</size>
         <input_file_ref idref="fl-38"/>
      </object_component>
      <object_component id="oc-219">
         <name>.const:N1BPP_UNCOMP</name>
         <load_address>0xfb74</load_address>
         <run_address>0xfb74</run_address>
         <size>0x10</size>
         <input_file_ref idref="fl-39"/>
      </object_component>
      <object_component id="oc-21c">
         <name>.const:$P$T0$1</name>
         <load_address>0xfb84</load_address>
         <run_address>0xfb84</run_address>
         <size>0x8</size>
         <input_file_ref idref="fl-7"/>
      </object_component>
      <object_component id="oc-21f">
         <name>.const:$P$T1$2</name>
         <load_address>0xfb8c</load_address>
         <run_address>0xfb8c</run_address>
         <size>0x8</size>
         <input_file_ref idref="fl-7"/>
      </object_component>
      <object_component id="oc-23f">
         <name>.const:$P$T10$11</name>
         <load_address>0xfb94</load_address>
         <run_address>0xfb94</run_address>
         <size>0x8</size>
         <input_file_ref idref="fl-7"/>
      </object_component>
      <object_component id="oc-242">
         <name>.const:$P$T11$12</name>
         <load_address>0xfb9c</load_address>
         <run_address>0xfb9c</run_address>
         <size>0x8</size>
         <input_file_ref idref="fl-7"/>
      </object_component>
      <object_component id="oc-245">
         <name>.const:$P$T12$13</name>
         <load_address>0xfba4</load_address>
         <run_address>0xfba4</run_address>
         <size>0x8</size>
         <input_file_ref idref="fl-7"/>
      </object_component>
      <object_component id="oc-248">
         <name>.const:$P$T13$14</name>
         <load_address>0xfbac</load_address>
         <run_address>0xfbac</run_address>
         <size>0x8</size>
         <input_file_ref idref="fl-7"/>
      </object_component>
      <object_component id="oc-227">
         <name>.const:$P$T2$3</name>
         <load_address>0xfbb4</load_address>
         <run_address>0xfbb4</run_address>
         <size>0x8</size>
         <input_file_ref idref="fl-7"/>
      </object_component>
      <object_component id="oc-22a">
         <name>.const:$P$T3$4</name>
         <load_address>0xfbbc</load_address>
         <run_address>0xfbbc</run_address>
         <size>0x8</size>
         <input_file_ref idref="fl-7"/>
      </object_component>
      <object_component id="oc-22d">
         <name>.const:$P$T4$5</name>
         <load_address>0xfbc4</load_address>
         <run_address>0xfbc4</run_address>
         <size>0x8</size>
         <input_file_ref idref="fl-7"/>
      </object_component>
      <object_component id="oc-230">
         <name>.const:$P$T5$6</name>
         <load_address>0xfbcc</load_address>
         <run_address>0xfbcc</run_address>
         <size>0x8</size>
         <input_file_ref idref="fl-7"/>
      </object_component>
      <object_component id="oc-233">
         <name>.const:$P$T6$7</name>
         <load_address>0xfbd4</load_address>
         <run_address>0xfbd4</run_address>
         <size>0x8</size>
         <input_file_ref idref="fl-7"/>
      </object_component>
      <object_component id="oc-236">
         <name>.const:$P$T7$8</name>
         <load_address>0xfbdc</load_address>
         <run_address>0xfbdc</run_address>
         <size>0x8</size>
         <input_file_ref idref="fl-7"/>
      </object_component>
      <object_component id="oc-239">
         <name>.const:$P$T8$9</name>
         <load_address>0xfbe4</load_address>
         <run_address>0xfbe4</run_address>
         <size>0x8</size>
         <input_file_ref idref="fl-7"/>
      </object_component>
      <object_component id="oc-23c">
         <name>.const:$P$T9$10</name>
         <load_address>0xfbec</load_address>
         <run_address>0xfbec</run_address>
         <size>0x8</size>
         <input_file_ref idref="fl-7"/>
      </object_component>
      <object_component id="oc-1a3">
         <name>.const:g_pulDisRegs</name>
         <load_address>0xfbf4</load_address>
         <run_address>0xfbf4</run_address>
         <size>0x8</size>
         <input_file_ref idref="fl-29"/>
      </object_component>
      <object_component id="oc-1a0">
         <name>.const:g_pulEnRegs</name>
         <load_address>0xfbfc</load_address>
         <run_address>0xfbfc</run_address>
         <size>0x8</size>
         <input_file_ref idref="fl-29"/>
      </object_component>
      <object_component id="oc-1a6">
         <name>.const:g_pulPendRegs</name>
         <load_address>0xfc04</load_address>
         <run_address>0xfc04</run_address>
         <size>0x8</size>
         <input_file_ref idref="fl-29"/>
      </object_component>
      <object_component id="oc-1a9">
         <name>.const:g_pulUnpendRegs</name>
         <load_address>0xfc0c</load_address>
         <run_address>0xfc0c</run_address>
         <size>0x8</size>
         <input_file_ref idref="fl-29"/>
      </object_component>
      <object_component id="oc-35e">
         <name>.const:palette_Gear1BPP_UNCOMP</name>
         <load_address>0xfc14</load_address>
         <run_address>0xfc14</run_address>
         <size>0x8</size>
         <input_file_ref idref="fl-38"/>
      </object_component>
      <object_component id="oc-333">
         <name>.const:palette_N1BPP_UNCOMP</name>
         <load_address>0xfc1c</load_address>
         <run_address>0xfc1c</run_address>
         <size>0x8</size>
         <input_file_ref idref="fl-39"/>
      </object_component>
      <object_component id="oc-28a">
         <name>.const:.string:$P$T0$1</name>
         <load_address>0xfc24</load_address>
         <run_address>0xfc24</run_address>
         <size>0x4</size>
         <input_file_ref idref="fl-2"/>
      </object_component>
      <object_component id="oc-52f">
         <name>.cinit..data.load</name>
         <load_address>0xfc28</load_address>
         <run_address>0xfc28</run_address>
         <size>0x79</size>
      </object_component>
      <object_component id="oc-52c">
         <name>__TI_handler_table</name>
         <load_address>0xfca4</load_address>
         <run_address>0xfca4</run_address>
         <size>0xc</size>
      </object_component>
      <object_component id="oc-530">
         <name>.cinit..bss.load</name>
         <load_address>0xfcb0</load_address>
         <run_address>0xfcb0</run_address>
         <size>0x8</size>
      </object_component>
      <object_component id="oc-52e">
         <name>.cinit..vtable.load</name>
         <load_address>0xfcb8</load_address>
         <run_address>0xfcb8</run_address>
         <size>0x8</size>
      </object_component>
      <object_component id="oc-52d">
         <name>__TI_cinit_table</name>
         <load_address>0xfcc0</load_address>
         <run_address>0xfcc0</run_address>
         <size>0x18</size>
      </object_component>
      <object_component id="oc-501">
         <name>.binit</name>
         <load_address>0x0</load_address>
         <run_address>0x0</run_address>
         <size>0x0</size>
      </object_component>
      <object_component id="oc-197">
         <name>.vtable</name>
         <uninitialized>true</uninitialized>
         <run_address>0x20000000</run_address>
         <size>0xe4</size>
         <input_file_ref idref="fl-29"/>
      </object_component>
      <object_component id="oc-290">
         <name>.data</name>
         <load_address>0x2000072c</load_address>
         <run_address>0x2000072c</run_address>
         <size>0x8</size>
         <input_file_ref idref="fl-2"/>
      </object_component>
      <object_component id="oc-e8">
         <name>.data</name>
         <load_address>0x20000718</load_address>
         <run_address>0x20000718</run_address>
         <size>0x14</size>
         <input_file_ref idref="fl-3"/>
      </object_component>
      <object_component id="oc-286">
         <name>.data:Active_Gear_Ratio</name>
         <load_address>0x20000704</load_address>
         <run_address>0x20000704</run_address>
         <size>0x14</size>
         <input_file_ref idref="fl-4"/>
      </object_component>
      <object_component id="oc-280">
         <name>.data</name>
         <load_address>0x20000734</load_address>
         <run_address>0x20000734</run_address>
         <size>0x4</size>
         <input_file_ref idref="fl-4"/>
      </object_component>
      <object_component id="oc-dc">
         <name>.data</name>
         <load_address>0x200006ec</load_address>
         <run_address>0x200006ec</run_address>
         <size>0x18</size>
         <input_file_ref idref="fl-6"/>
      </object_component>
      <object_component id="oc-df">
         <name>.data</name>
         <load_address>0x2000060c</load_address>
         <run_address>0x2000060c</run_address>
         <size>0x70</size>
         <input_file_ref idref="fl-8"/>
      </object_component>
      <object_component id="oc-168">
         <name>.data</name>
         <load_address>0x2000073c</load_address>
         <run_address>0x2000073c</run_address>
         <size>0x4</size>
         <input_file_ref idref="fl-a"/>
      </object_component>
      <object_component id="oc-192">
         <name>.data:__getBurstProgramRegs</name>
         <load_address>0x2000067c</load_address>
         <run_address>0x2000067c</run_address>
         <size>0x40</size>
         <input_file_ref idref="fl-25"/>
      </object_component>
      <object_component id="oc-16c">
         <name>.data:GPIO_PORT_TO_BASE</name>
         <load_address>0x200006bc</load_address>
         <run_address>0x200006bc</run_address>
         <size>0x30</size>
         <input_file_ref idref="fl-27"/>
      </object_component>
      <object_component id="oc-49e">
         <name>.data</name>
         <load_address>0x20000738</load_address>
         <run_address>0x20000738</run_address>
         <size>0x4</size>
         <input_file_ref idref="fl-118"/>
      </object_component>
      <object_component id="oc-2fb">
         <name>.bss:g_pulConvertedPalette</name>
         <uninitialized>true</uninitialized>
         <run_address>0x200000e4</run_address>
         <size>0x400</size>
         <input_file_ref idref="fl-16"/>
      </object_component>
      <object_component id="oc-179">
         <name>.bss</name>
         <uninitialized>true</uninitialized>
         <run_address>0x200005e4</run_address>
         <size>0x8</size>
         <input_file_ref idref="fl-23"/>
      </object_component>
      <object_component id="oc-128">
         <name>.common:gearCheck</name>
         <uninitialized>true</uninitialized>
         <run_address>0x200005d8</run_address>
         <size>0xc</size>
      </object_component>
      <object_component id="oc-127">
         <name>.common:clocks</name>
         <uninitialized>true</uninitialized>
         <run_address>0x200005c8</run_address>
         <size>0x10</size>
      </object_component>
      <object_component id="oc-d3">
         <name>.common:carStatus</name>
         <uninitialized>true</uninitialized>
         <run_address>0x20000608</run_address>
         <size>0x1</size>
      </object_component>
      <object_component id="oc-28d">
         <name>.common:currentPin</name>
         <uninitialized>true</uninitialized>
         <run_address>0x200005fc</run_address>
         <size>0x4</size>
      </object_component>
      <object_component id="oc-28e">
         <name>.common:addr_pointer</name>
         <uninitialized>true</uninitialized>
         <run_address>0x200005f8</run_address>
         <size>0x4</size>
      </object_component>
      <object_component id="oc-28f">
         <name>.common:read_shift_data</name>
         <uninitialized>true</uninitialized>
         <run_address>0x200004e4</run_address>
         <size>0xc8</size>
      </object_component>
      <object_component id="oc-eb">
         <name>.common:status_ISR</name>
         <uninitialized>true</uninitialized>
         <run_address>0x20000600</run_address>
         <size>0x4</size>
      </object_component>
      <object_component id="oc-283">
         <name>.common:tempRPM</name>
         <uninitialized>true</uninitialized>
         <run_address>0x20000604</run_address>
         <size>0x4</size>
      </object_component>
      <object_component id="oc-222">
         <name>.common:RPMc</name>
         <uninitialized>true</uninitialized>
         <run_address>0x200005ec</run_address>
         <size>0x8</size>
      </object_component>
      <object_component id="oc-223">
         <name>.common:Speedc</name>
         <uninitialized>true</uninitialized>
         <run_address>0x200005f4</run_address>
         <size>0x4</size>
      </object_component>
      <object_component id="oc-20d">
         <name>.common:g_sContext</name>
         <uninitialized>true</uninitialized>
         <run_address>0x200005ac</run_address>
         <size>0x1c</size>
      </object_component>
      <object_component id="oc-26">
         <name>.stack</name>
         <uninitialized>true</uninitialized>
         <run_address>0x2000fe00</run_address>
         <size>0x4</size>
         <input_file_ref idref="fl-105"/>
      </object_component>
      <object_component id="oc-531">
         <name>.stack</name>
         <uninitialized>true</uninitialized>
         <run_address>0x2000fe00</run_address>
         <size>0x0</size>
      </object_component>
      <object_component id="oc-d4">
         <name>.debug_info</name>
         <load_address>0x0</load_address>
         <run_address>0x0</run_address>
         <size>0x990</size>
         <input_file_ref idref="fl-2"/>
      </object_component>
      <object_component id="oc-291">
         <name>.debug_info</name>
         <load_address>0x990</load_address>
         <run_address>0x990</run_address>
         <size>0x121</size>
         <input_file_ref idref="fl-2"/>
      </object_component>
      <object_component id="oc-28b">
         <name>.debug_info</name>
         <load_address>0xab1</load_address>
         <run_address>0xab1</run_address>
         <size>0xe5</size>
         <input_file_ref idref="fl-2"/>
      </object_component>
      <object_component id="oc-122">
         <name>.debug_info</name>
         <load_address>0xb96</load_address>
         <run_address>0xb96</run_address>
         <size>0x975</size>
         <input_file_ref idref="fl-2"/>
      </object_component>
      <object_component id="oc-1ba">
         <name>.debug_info</name>
         <load_address>0x150b</load_address>
         <run_address>0x150b</run_address>
         <size>0x23a</size>
         <input_file_ref idref="fl-2"/>
      </object_component>
      <object_component id="oc-f4">
         <name>.debug_info</name>
         <load_address>0x1745</load_address>
         <run_address>0x1745</run_address>
         <size>0x26b</size>
         <input_file_ref idref="fl-2"/>
      </object_component>
      <object_component id="oc-1b5">
         <name>.debug_info</name>
         <load_address>0x19b0</load_address>
         <run_address>0x19b0</run_address>
         <size>0x1055</size>
         <input_file_ref idref="fl-2"/>
      </object_component>
      <object_component id="oc-1b0">
         <name>.debug_info</name>
         <load_address>0x2a05</load_address>
         <run_address>0x2a05</run_address>
         <size>0x37e2</size>
         <input_file_ref idref="fl-2"/>
      </object_component>
      <object_component id="oc-2c2">
         <name>.debug_info</name>
         <load_address>0x61e7</load_address>
         <run_address>0x61e7</run_address>
         <size>0x1b5</size>
         <input_file_ref idref="fl-2"/>
      </object_component>
      <object_component id="oc-2ca">
         <name>.debug_info</name>
         <load_address>0x639c</load_address>
         <run_address>0x639c</run_address>
         <size>0xc6</size>
         <input_file_ref idref="fl-2"/>
      </object_component>
      <object_component id="oc-e3">
         <name>.debug_info</name>
         <load_address>0x6462</load_address>
         <run_address>0x6462</run_address>
         <size>0x8b</size>
         <input_file_ref idref="fl-2"/>
      </object_component>
      <object_component id="oc-1d0">
         <name>.debug_info</name>
         <load_address>0x64ed</load_address>
         <run_address>0x64ed</run_address>
         <size>0x297</size>
         <input_file_ref idref="fl-2"/>
      </object_component>
      <object_component id="oc-173">
         <name>.debug_info</name>
         <load_address>0x6784</load_address>
         <run_address>0x6784</run_address>
         <size>0xef</size>
         <input_file_ref idref="fl-2"/>
      </object_component>
      <object_component id="oc-ed">
         <name>.debug_info</name>
         <load_address>0x6873</load_address>
         <run_address>0x6873</run_address>
         <size>0xbb</size>
         <input_file_ref idref="fl-2"/>
      </object_component>
      <object_component id="oc-317">
         <name>.debug_info</name>
         <load_address>0x692e</load_address>
         <run_address>0x692e</run_address>
         <size>0x2c</size>
         <input_file_ref idref="fl-2"/>
      </object_component>
      <object_component id="oc-3b5">
         <name>.debug_info</name>
         <load_address>0x695a</load_address>
         <run_address>0x695a</run_address>
         <size>0x131</size>
         <input_file_ref idref="fl-2"/>
      </object_component>
      <object_component id="oc-d6">
         <name>.debug_info</name>
         <load_address>0x6a8b</load_address>
         <run_address>0x6a8b</run_address>
         <size>0x859</size>
         <input_file_ref idref="fl-3"/>
      </object_component>
      <object_component id="oc-e9">
         <name>.debug_info</name>
         <load_address>0x72e4</load_address>
         <run_address>0x72e4</run_address>
         <size>0x15b</size>
         <input_file_ref idref="fl-3"/>
      </object_component>
      <object_component id="oc-71">
         <name>.debug_info</name>
         <load_address>0x743f</load_address>
         <run_address>0x743f</run_address>
         <size>0x6e8</size>
         <input_file_ref idref="fl-3"/>
      </object_component>
      <object_component id="oc-1c1">
         <name>.debug_info</name>
         <load_address>0x7b27</load_address>
         <run_address>0x7b27</run_address>
         <size>0x37e2</size>
         <input_file_ref idref="fl-3"/>
      </object_component>
      <object_component id="oc-2f">
         <name>.debug_info</name>
         <load_address>0xb309</load_address>
         <run_address>0xb309</run_address>
         <size>0x84</size>
         <input_file_ref idref="fl-3"/>
      </object_component>
      <object_component id="oc-284">
         <name>.debug_info</name>
         <load_address>0xb38d</load_address>
         <run_address>0xb38d</run_address>
         <size>0x64b</size>
         <input_file_ref idref="fl-4"/>
      </object_component>
      <object_component id="oc-287">
         <name>.debug_info</name>
         <load_address>0xb9d8</load_address>
         <run_address>0xb9d8</run_address>
         <size>0xf2</size>
         <input_file_ref idref="fl-4"/>
      </object_component>
      <object_component id="oc-281">
         <name>.debug_info</name>
         <load_address>0xbaca</load_address>
         <run_address>0xbaca</run_address>
         <size>0xec</size>
         <input_file_ref idref="fl-4"/>
      </object_component>
      <object_component id="oc-11c">
         <name>.debug_info</name>
         <load_address>0xbbb6</load_address>
         <run_address>0xbbb6</run_address>
         <size>0x655</size>
         <input_file_ref idref="fl-4"/>
      </object_component>
      <object_component id="oc-d8">
         <name>.debug_info</name>
         <load_address>0xc20b</load_address>
         <run_address>0xc20b</run_address>
         <size>0x8c8</size>
         <input_file_ref idref="fl-6"/>
      </object_component>
      <object_component id="oc-dd">
         <name>.debug_info</name>
         <load_address>0xcad3</load_address>
         <run_address>0xcad3</run_address>
         <size>0x20c</size>
         <input_file_ref idref="fl-6"/>
      </object_component>
      <object_component id="oc-6b">
         <name>.debug_info</name>
         <load_address>0xccdf</load_address>
         <run_address>0xccdf</run_address>
         <size>0x7f6</size>
         <input_file_ref idref="fl-6"/>
      </object_component>
      <object_component id="oc-20e">
         <name>.debug_info</name>
         <load_address>0xd4d5</load_address>
         <run_address>0xd4d5</run_address>
         <size>0xe4a</size>
         <input_file_ref idref="fl-7"/>
      </object_component>
      <object_component id="oc-21d">
         <name>.debug_info</name>
         <load_address>0xe31f</load_address>
         <run_address>0xe31f</run_address>
         <size>0xe0</size>
         <input_file_ref idref="fl-7"/>
      </object_component>
      <object_component id="oc-220">
         <name>.debug_info</name>
         <load_address>0xe3ff</load_address>
         <run_address>0xe3ff</run_address>
         <size>0xe0</size>
         <input_file_ref idref="fl-7"/>
      </object_component>
      <object_component id="oc-228">
         <name>.debug_info</name>
         <load_address>0xe4df</load_address>
         <run_address>0xe4df</run_address>
         <size>0xe0</size>
         <input_file_ref idref="fl-7"/>
      </object_component>
      <object_component id="oc-22b">
         <name>.debug_info</name>
         <load_address>0xe5bf</load_address>
         <run_address>0xe5bf</run_address>
         <size>0xe0</size>
         <input_file_ref idref="fl-7"/>
      </object_component>
      <object_component id="oc-22e">
         <name>.debug_info</name>
         <load_address>0xe69f</load_address>
         <run_address>0xe69f</run_address>
         <size>0xe0</size>
         <input_file_ref idref="fl-7"/>
      </object_component>
      <object_component id="oc-231">
         <name>.debug_info</name>
         <load_address>0xe77f</load_address>
         <run_address>0xe77f</run_address>
         <size>0xe0</size>
         <input_file_ref idref="fl-7"/>
      </object_component>
      <object_component id="oc-234">
         <name>.debug_info</name>
         <load_address>0xe85f</load_address>
         <run_address>0xe85f</run_address>
         <size>0xe0</size>
         <input_file_ref idref="fl-7"/>
      </object_component>
      <object_component id="oc-237">
         <name>.debug_info</name>
         <load_address>0xe93f</load_address>
         <run_address>0xe93f</run_address>
         <size>0xe0</size>
         <input_file_ref idref="fl-7"/>
      </object_component>
      <object_component id="oc-23a">
         <name>.debug_info</name>
         <load_address>0xea1f</load_address>
         <run_address>0xea1f</run_address>
         <size>0xe0</size>
         <input_file_ref idref="fl-7"/>
      </object_component>
      <object_component id="oc-23d">
         <name>.debug_info</name>
         <load_address>0xeaff</load_address>
         <run_address>0xeaff</run_address>
         <size>0xe2</size>
         <input_file_ref idref="fl-7"/>
      </object_component>
      <object_component id="oc-240">
         <name>.debug_info</name>
         <load_address>0xebe1</load_address>
         <run_address>0xebe1</run_address>
         <size>0xe4</size>
         <input_file_ref idref="fl-7"/>
      </object_component>
      <object_component id="oc-243">
         <name>.debug_info</name>
         <load_address>0xecc5</load_address>
         <run_address>0xecc5</run_address>
         <size>0xe4</size>
         <input_file_ref idref="fl-7"/>
      </object_component>
      <object_component id="oc-246">
         <name>.debug_info</name>
         <load_address>0xeda9</load_address>
         <run_address>0xeda9</run_address>
         <size>0xe4</size>
         <input_file_ref idref="fl-7"/>
      </object_component>
      <object_component id="oc-249">
         <name>.debug_info</name>
         <load_address>0xee8d</load_address>
         <run_address>0xee8d</run_address>
         <size>0xe4</size>
         <input_file_ref idref="fl-7"/>
      </object_component>
      <object_component id="oc-255">
         <name>.debug_info</name>
         <load_address>0xef71</load_address>
         <run_address>0xef71</run_address>
         <size>0xe5</size>
         <input_file_ref idref="fl-7"/>
      </object_component>
      <object_component id="oc-116">
         <name>.debug_info</name>
         <load_address>0xf056</load_address>
         <run_address>0xf056</run_address>
         <size>0x155c</size>
         <input_file_ref idref="fl-7"/>
      </object_component>
      <object_component id="oc-320">
         <name>.debug_info</name>
         <load_address>0x105b2</load_address>
         <run_address>0x105b2</run_address>
         <size>0x37e2</size>
         <input_file_ref idref="fl-7"/>
      </object_component>
      <object_component id="oc-258">
         <name>.debug_info</name>
         <load_address>0x13d94</load_address>
         <run_address>0x13d94</run_address>
         <size>0x40a</size>
         <input_file_ref idref="fl-7"/>
      </object_component>
      <object_component id="oc-da">
         <name>.debug_info</name>
         <load_address>0x1419e</load_address>
         <run_address>0x1419e</run_address>
         <size>0x9d2</size>
         <input_file_ref idref="fl-8"/>
      </object_component>
      <object_component id="oc-e0">
         <name>.debug_info</name>
         <load_address>0x14b70</load_address>
         <run_address>0x14b70</run_address>
         <size>0x55c</size>
         <input_file_ref idref="fl-8"/>
      </object_component>
      <object_component id="oc-9d">
         <name>.debug_info</name>
         <load_address>0x150cc</load_address>
         <run_address>0x150cc</run_address>
         <size>0x403</size>
         <input_file_ref idref="fl-8"/>
      </object_component>
      <object_component id="oc-100">
         <name>.debug_info</name>
         <load_address>0x154cf</load_address>
         <run_address>0x154cf</run_address>
         <size>0x2c</size>
         <input_file_ref idref="fl-8"/>
      </object_component>
      <object_component id="oc-78">
         <name>.debug_info</name>
         <load_address>0x154fb</load_address>
         <run_address>0x154fb</run_address>
         <size>0x2d7</size>
         <input_file_ref idref="fl-9"/>
      </object_component>
      <object_component id="oc-24">
         <name>.debug_info</name>
         <load_address>0x157d2</load_address>
         <run_address>0x157d2</run_address>
         <size>0x103</size>
         <input_file_ref idref="fl-9"/>
      </object_component>
      <object_component id="oc-65">
         <name>.debug_info</name>
         <load_address>0x158d5</load_address>
         <run_address>0x158d5</run_address>
         <size>0x1ca</size>
         <input_file_ref idref="fl-9"/>
      </object_component>
      <object_component id="oc-169">
         <name>.debug_info</name>
         <load_address>0x15a9f</load_address>
         <run_address>0x15a9f</run_address>
         <size>0xfc</size>
         <input_file_ref idref="fl-a"/>
      </object_component>
      <object_component id="oc-af">
         <name>.debug_info</name>
         <load_address>0x15b9b</load_address>
         <run_address>0x15b9b</run_address>
         <size>0x26e</size>
         <input_file_ref idref="fl-a"/>
      </object_component>
      <object_component id="oc-332">
         <name>.debug_info</name>
         <load_address>0x15e09</load_address>
         <run_address>0x15e09</run_address>
         <size>0x21e</size>
         <input_file_ref idref="fl-b"/>
      </object_component>
      <object_component id="oc-32e">
         <name>.debug_info</name>
         <load_address>0x16027</load_address>
         <run_address>0x16027</run_address>
         <size>0xfc</size>
         <input_file_ref idref="fl-b"/>
      </object_component>
      <object_component id="oc-217">
         <name>.debug_info</name>
         <load_address>0x16123</load_address>
         <run_address>0x16123</run_address>
         <size>0xfa</size>
         <input_file_ref idref="fl-b"/>
      </object_component>
      <object_component id="oc-372">
         <name>.debug_info</name>
         <load_address>0x1621d</load_address>
         <run_address>0x1621d</run_address>
         <size>0x21e</size>
         <input_file_ref idref="fl-c"/>
      </object_component>
      <object_component id="oc-36e">
         <name>.debug_info</name>
         <load_address>0x1643b</load_address>
         <run_address>0x1643b</run_address>
         <size>0xfc</size>
         <input_file_ref idref="fl-c"/>
      </object_component>
      <object_component id="oc-252">
         <name>.debug_info</name>
         <load_address>0x16537</load_address>
         <run_address>0x16537</run_address>
         <size>0xfa</size>
         <input_file_ref idref="fl-c"/>
      </object_component>
      <object_component id="oc-36c">
         <name>.debug_info</name>
         <load_address>0x16631</load_address>
         <run_address>0x16631</run_address>
         <size>0x21e</size>
         <input_file_ref idref="fl-d"/>
      </object_component>
      <object_component id="oc-368">
         <name>.debug_info</name>
         <load_address>0x1684f</load_address>
         <run_address>0x1684f</run_address>
         <size>0xfc</size>
         <input_file_ref idref="fl-d"/>
      </object_component>
      <object_component id="oc-24f">
         <name>.debug_info</name>
         <load_address>0x1694b</load_address>
         <run_address>0x1694b</run_address>
         <size>0xfa</size>
         <input_file_ref idref="fl-d"/>
      </object_component>
      <object_component id="oc-32c">
         <name>.debug_info</name>
         <load_address>0x16a45</load_address>
         <run_address>0x16a45</run_address>
         <size>0x21e</size>
         <input_file_ref idref="fl-e"/>
      </object_component>
      <object_component id="oc-328">
         <name>.debug_info</name>
         <load_address>0x16c63</load_address>
         <run_address>0x16c63</run_address>
         <size>0xfc</size>
         <input_file_ref idref="fl-e"/>
      </object_component>
      <object_component id="oc-214">
         <name>.debug_info</name>
         <load_address>0x16d5f</load_address>
         <run_address>0x16d5f</run_address>
         <size>0xfa</size>
         <input_file_ref idref="fl-e"/>
      </object_component>
      <object_component id="oc-345">
         <name>.debug_info</name>
         <load_address>0x16e59</load_address>
         <run_address>0x16e59</run_address>
         <size>0x21f</size>
         <input_file_ref idref="fl-f"/>
      </object_component>
      <object_component id="oc-341">
         <name>.debug_info</name>
         <load_address>0x17078</load_address>
         <run_address>0x17078</run_address>
         <size>0xff</size>
         <input_file_ref idref="fl-f"/>
      </object_component>
      <object_component id="oc-225">
         <name>.debug_info</name>
         <load_address>0x17177</load_address>
         <run_address>0x17177</run_address>
         <size>0xfd</size>
         <input_file_ref idref="fl-f"/>
      </object_component>
      <object_component id="oc-31d">
         <name>.debug_info</name>
         <load_address>0x17274</load_address>
         <run_address>0x17274</run_address>
         <size>0x437</size>
         <input_file_ref idref="fl-13"/>
      </object_component>
      <object_component id="oc-208">
         <name>.debug_info</name>
         <load_address>0x176ab</load_address>
         <run_address>0x176ab</run_address>
         <size>0x48d</size>
         <input_file_ref idref="fl-13"/>
      </object_component>
      <object_component id="oc-2f6">
         <name>.debug_info</name>
         <load_address>0x17b38</load_address>
         <run_address>0x17b38</run_address>
         <size>0x506</size>
         <input_file_ref idref="fl-14"/>
      </object_component>
      <object_component id="oc-1df">
         <name>.debug_info</name>
         <load_address>0x1803e</load_address>
         <run_address>0x1803e</run_address>
         <size>0xf33</size>
         <input_file_ref idref="fl-14"/>
      </object_component>
      <object_component id="oc-3bd">
         <name>.debug_info</name>
         <load_address>0x18f71</load_address>
         <run_address>0x18f71</run_address>
         <size>0x3a6</size>
         <input_file_ref idref="fl-15"/>
      </object_component>
      <object_component id="oc-2f0">
         <name>.debug_info</name>
         <load_address>0x19317</load_address>
         <run_address>0x19317</run_address>
         <size>0x94a</size>
         <input_file_ref idref="fl-15"/>
      </object_component>
      <object_component id="oc-2ff">
         <name>.debug_info</name>
         <load_address>0x19c61</load_address>
         <run_address>0x19c61</run_address>
         <size>0x501</size>
         <input_file_ref idref="fl-16"/>
      </object_component>
      <object_component id="oc-2fc">
         <name>.debug_info</name>
         <load_address>0x1a162</load_address>
         <run_address>0x1a162</run_address>
         <size>0x106</size>
         <input_file_ref idref="fl-16"/>
      </object_component>
      <object_component id="oc-1f1">
         <name>.debug_info</name>
         <load_address>0x1a268</load_address>
         <run_address>0x1a268</run_address>
         <size>0x99d</size>
         <input_file_ref idref="fl-16"/>
      </object_component>
      <object_component id="oc-2fa">
         <name>.debug_info</name>
         <load_address>0x1ac05</load_address>
         <run_address>0x1ac05</run_address>
         <size>0x4e6</size>
         <input_file_ref idref="fl-18"/>
      </object_component>
      <object_component id="oc-1eb">
         <name>.debug_info</name>
         <load_address>0x1b0eb</load_address>
         <run_address>0x1b0eb</run_address>
         <size>0x7ba</size>
         <input_file_ref idref="fl-18"/>
      </object_component>
      <object_component id="oc-301">
         <name>.debug_info</name>
         <load_address>0x1b8a5</load_address>
         <run_address>0x1b8a5</run_address>
         <size>0x4a0</size>
         <input_file_ref idref="fl-1a"/>
      </object_component>
      <object_component id="oc-1f7">
         <name>.debug_info</name>
         <load_address>0x1bd45</load_address>
         <run_address>0x1bd45</run_address>
         <size>0x625</size>
         <input_file_ref idref="fl-1a"/>
      </object_component>
      <object_component id="oc-2f8">
         <name>.debug_info</name>
         <load_address>0x1c36a</load_address>
         <run_address>0x1c36a</run_address>
         <size>0x465</size>
         <input_file_ref idref="fl-1b"/>
      </object_component>
      <object_component id="oc-1e5">
         <name>.debug_info</name>
         <load_address>0x1c7cf</load_address>
         <run_address>0x1c7cf</run_address>
         <size>0xa27</size>
         <input_file_ref idref="fl-1b"/>
      </object_component>
      <object_component id="oc-450">
         <name>.debug_info</name>
         <load_address>0x1d1f6</load_address>
         <run_address>0x1d1f6</run_address>
         <size>0x92c</size>
         <input_file_ref idref="fl-1c"/>
      </object_component>
      <object_component id="oc-3b2">
         <name>.debug_info</name>
         <load_address>0x1db22</load_address>
         <run_address>0x1db22</run_address>
         <size>0x112</size>
         <input_file_ref idref="fl-1c"/>
[...]
      </symbol>
      <symbol id="sm-c2b">
         <name>EUSCI_A_SPI_masterChangeClock</name>
         <value>0x40db</value>
         <object_component_ref idref="oc-3ab"/>
      </symbol>
      <symbol id="sm-c2c">
         <name>EUSCI_A_SPI_isBusy</name>
         <value>0x4271</value>
         <object_component_ref idref="oc-3ab"/>
      </symbol>
      <symbol id="sm-c2d">
         <name>SPI_enableInterrupt</name>
         <value>0x3cbd</value>
         <object_component_ref idref="oc-3ab"/>
      </symbol>
      <symbol id="sm-c2e">
         <name>SPI_disableInterrupt</name>
         <value>0x3ce3</value>
         <object_component_ref idref="oc-3ab"/>
      </symbol>
      <symbol id="sm-c71">
         <name>SysCtl_disableSRAMBankRetention</name>
         <value>0x8b71</value>
         <object_component_ref idref="oc-17c"/>
      </symbol>
      <symbol id="sm-c72">
         <name>SysCtl_getTempCalibrationConstant</name>
         <value>0x8c1f</value>
         <object_component_ref idref="oc-17c"/>
      </symbol>
      <symbol id="sm-c73">
         <name>SysCtl_enablePeripheralAtCPUHalt</name>
         <value>0x8b97</value>
         <object_component_ref idref="oc-17c"/>
      </symbol>
      <symbol id="sm-c74">
         <name>SysCtl_getSRAMSize</name>
         <value>0x8a97</value>
         <object_component_ref idref="oc-17c"/>
      </symbol>
      <symbol id="sm-c75">
         <name>SysCtl_enableSRAMBank</name>
         <value>0x8ad1</value>
         <object_component_ref idref="oc-17c"/>
      </symbol>
      <symbol id="sm-c76">
         <name>SysCtl_disablePeripheralAtCPUHalt</name>
         <value>0x8bab</value>
         <object_component_ref idref="oc-17c"/>
      </symbol>
      <symbol id="sm-c77">
         <name>SysCtl_setWDTTimeoutResetType</name>
         <value>0x8bbf</value>
         <object_component_ref idref="oc-17c"/>
      </symbol>
      <symbol id="sm-c78">
         <name>SysCtl_getNMISourceStatus</name>
         <value>0x8acb</value>
         <object_component_ref idref="oc-17c"/>
      </symbol>
      <symbol id="sm-c79">
         <name>SysCtl_enableNMISource</name>
         <value>0x8ab7</value>
         <object_component_ref idref="oc-17c"/>
      </symbol>
      <symbol id="sm-c7a">
         <name>SysCtl_disableSRAMBank</name>
         <value>0x8aed</value>
         <object_component_ref idref="oc-17c"/>
      </symbol>
      <symbol id="sm-c7b">
         <name>SysCtl_disableGlitchFilter</name>
         <value>0x8c13</value>
         <object_component_ref idref="oc-17c"/>
      </symbol>
      <symbol id="sm-c7c">
         <name>SysCtl_disableNMISource</name>
         <value>0x8aa3</value>
         <object_component_ref idref="oc-17c"/>
      </symbol>
      <symbol id="sm-c7d">
         <name>SysCtl_setWDTPasswordViolationResetType</name>
         <value>0x8be3</value>
         <object_component_ref idref="oc-17c"/>
      </symbol>
      <symbol id="sm-c7e">
         <name>SysCtl_rebootDevice</name>
         <value>0x8b8d</value>
         <object_component_ref idref="oc-17c"/>
      </symbol>
      <symbol id="sm-c7f">
         <name>SysCtl_getFlashSize</name>
         <value>0x8a9d</value>
         <object_component_ref idref="oc-17c"/>
      </symbol>
      <symbol id="sm-c80">
         <name>SysCtl_getTLVInfo</name>
         <value>0x8a21</value>
         <object_component_ref idref="oc-17c"/>
      </symbol>
      <symbol id="sm-c81">
         <name>SysCtl_enableGlitchFilter</name>
         <value>0x8c07</value>
         <object_component_ref idref="oc-17c"/>
      </symbol>
      <symbol id="sm-c82">
         <name>SysCtl_enableSRAMBankRetention</name>
         <value>0x8b55</value>
         <object_component_ref idref="oc-17c"/>
      </symbol>
      <symbol id="sm-c9d">
         <name>WDT_A_setTimeoutReset</name>
         <value>0x9ca9</value>
         <object_component_ref idref="oc-109"/>
      </symbol>
      <symbol id="sm-c9e">
         <name>WDT_A_registerInterrupt</name>
         <value>0x9cb5</value>
         <object_component_ref idref="oc-109"/>
      </symbol>
      <symbol id="sm-c9f">
         <name>WDT_A_setPasswordViolationReset</name>
         <value>0x9c9d</value>
         <object_component_ref idref="oc-109"/>
      </symbol>
      <symbol id="sm-ca0">
         <name>WDT_A_initIntervalTimer</name>
         <value>0x9c81</value>
         <object_component_ref idref="oc-109"/>
      </symbol>
      <symbol id="sm-ca1">
         <name>WDT_A_clearTimer</name>
         <value>0x9c45</value>
         <object_component_ref idref="oc-109"/>
      </symbol>
      <symbol id="sm-ca2">
         <name>WDT_A_holdTimer</name>
         <value>0x9c05</value>
         <object_component_ref idref="oc-109"/>
      </symbol>
      <symbol id="sm-ca3">
         <name>WDT_A_initWatchdogTimer</name>
         <value>0x9c65</value>
         <object_component_ref idref="oc-109"/>
      </symbol>
      <symbol id="sm-ca4">
         <name>WDT_A_startTimer</name>
         <value>0x9c25</value>
         <object_component_ref idref="oc-109"/>
      </symbol>
      <symbol id="sm-ca5">
         <name>WDT_A_unregisterInterrupt</name>
         <value>0x9cc9</value>
         <object_component_ref idref="oc-109"/>
      </symbol>
      <symbol id="sm-cbe">
         <name>Gear1BPP_UNCOMP</name>
         <value>0xfb64</value>
         <object_component_ref idref="oc-24b"/>
      </symbol>
      <symbol id="sm-cd7">
         <name>N1BPP_UNCOMP</name>
         <value>0xfb74</value>
         <object_component_ref idref="oc-219"/>
      </symbol>
      <symbol id="sm-d03">
         <name>sprintf</name>
         <value>0xa485</value>
         <object_component_ref idref="oc-201"/>
      </symbol>
      <symbol id="sm-d1a">
         <name>__aeabi_dsub</name>
         <value>0x91d5</value>
         <object_component_ref idref="oc-276"/>
      </symbol>
      <symbol id="sm-d1b">
         <name>__aeabi_dadd</name>
         <value>0x91df</value>
         <object_component_ref idref="oc-276"/>
      </symbol>
      <symbol id="sm-d3d">
         <name>__aeabi_cdcmpeq</name>
         <value>0x9f81</value>
         <object_component_ref idref="oc-3dc"/>
      </symbol>
      <symbol id="sm-d3e">
         <name>__aeabi_cdcmple</name>
         <value>0x9f81</value>
         <object_component_ref idref="oc-3dc"/>
      </symbol>
      <symbol id="sm-d3f">
         <name>__aeabi_cdrcmple</name>
         <value>0xa007</value>
         <object_component_ref idref="oc-27b"/>
      </symbol>
      <symbol id="sm-d53">
         <name>__aeabi_ddiv</name>
         <value>0x9669</value>
         <object_component_ref idref="oc-25d"/>
      </symbol>
      <symbol id="sm-d5e">
         <name>__aeabi_dmul</name>
         <value>0x9b09</value>
         <object_component_ref idref="oc-262"/>
      </symbol>
      <symbol id="sm-d68">
         <name>__aeabi_d2iz</name>
         <value>0xa3f9</value>
         <object_component_ref idref="oc-26c"/>
      </symbol>
      <symbol id="sm-d74">
         <name>__aeabi_d2f</name>
         <value>0xa175</value>
         <object_component_ref idref="oc-267"/>
      </symbol>
      <symbol id="sm-d7f">
         <name>__aeabi_f2d</name>
         <value>0xa541</value>
         <object_component_ref idref="oc-1fc"/>
      </symbol>
      <symbol id="sm-d89">
         <name>__aeabi_i2d</name>
         <value>0xa5ad</value>
         <object_component_ref idref="oc-271"/>
      </symbol>
      <symbol id="sm-da4">
         <name>memcpy</name>
         <value>0x9e4f</value>
         <object_component_ref idref="oc-34"/>
      </symbol>
      <symbol id="sm-da5">
         <name>__aeabi_memcpy</name>
         <value>0x9e4f</value>
         <object_component_ref idref="oc-34"/>
      </symbol>
      <symbol id="sm-da6">
         <name>__aeabi_memcpy8</name>
         <value>0x9e4f</value>
         <object_component_ref idref="oc-34"/>
      </symbol>
      <symbol id="sm-da7">
         <name>__aeabi_memcpy4</name>
         <value>0x9e4f</value>
         <object_component_ref idref="oc-34"/>
      </symbol>
      <symbol id="sm-db9">
         <name>__TI_zero_init</name>
         <value>0xa681</value>
         <object_component_ref idref="oc-46"/>
      </symbol>
      <symbol id="sm-dd0">
         <name>__TI_decompress_none</name>
         <value>0xa665</value>
         <object_component_ref idref="oc-1a"/>
      </symbol>
      <symbol id="sm-df3">
         <name>__TI_decompress_lzss</name>
         <value>0xa1e3</value>
         <object_component_ref idref="oc-14"/>
      </symbol>
      <symbol id="sm-e06">
         <name>__stack</name>
         <value>0x2000fe00</value>
         <object_component_ref idref="oc-26"/>
      </symbol>
      <symbol id="sm-e07">
         <name>_c_int00_noargs</name>
         <value>0xa579</value>
         <object_component_ref idref="oc-52"/>
      </symbol>
      <symbol id="sm-f6c">
         <name>__TI_printfi</name>
         <value>0x2f9d</value>
         <object_component_ref idref="oc-303"/>
      </symbol>
      <symbol id="sm-f8c">
         <name>frexpl</name>
         <value>0xa24d</value>
         <object_component_ref idref="oc-482"/>
      </symbol>
      <symbol id="sm-f8d">
         <name>frexp</name>
         <value>0xa24d</value>
         <object_component_ref idref="oc-482"/>
      </symbol>
      <symbol id="sm-faa">
         <name>scalbn</name>
         <value>0x99f9</value>
         <object_component_ref idref="oc-488"/>
      </symbol>
      <symbol id="sm-fab">
         <name>scalbnl</name>
         <value>0x99f9</value>
         <object_component_ref idref="oc-488"/>
      </symbol>
      <symbol id="sm-fac">
         <name>ldexpl</name>
         <value>0x99f9</value>
         <object_component_ref idref="oc-488"/>
      </symbol>
      <symbol id="sm-fad">
         <name>ldexp</name>
         <value>0x99f9</value>
         <object_component_ref idref="oc-488"/>
      </symbol>
      <symbol id="sm-fb7">
         <name>copysign</name>
         <value>0xa5f7</value>
         <object_component_ref idref="oc-4d2"/>
      </symbol>
      <symbol id="sm-fb8">
         <name>copysignl</name>
         <value>0xa5f7</value>
         <object_component_ref idref="oc-4d2"/>
      </symbol>
      <symbol id="sm-fc5">
         <name>__aeabi_uldivmod</name>
         <value>0x9eeb</value>
         <object_component_ref idref="oc-45a"/>
      </symbol>
      <symbol id="sm-fd4">
         <name>__aeabi_memset</name>
         <value>0xa08f</value>
         <object_component_ref idref="oc-90"/>
      </symbol>
      <symbol id="sm-fd5">
         <name>memset</name>
         <value>0xa095</value>
         <object_component_ref idref="oc-90"/>
      </symbol>
      <symbol id="sm-fd6">
         <name>__aeabi_memset8</name>
         <value>0xa08f</value>
         <object_component_ref idref="oc-90"/>
      </symbol>
      <symbol id="sm-fd7">
         <name>__aeabi_memset4</name>
         <value>0xa08f</value>
         <object_component_ref idref="oc-90"/>
      </symbol>
      <symbol id="sm-fd8">
         <name>__aeabi_memclr8</name>
         <value>0xa08d</value>
         <object_component_ref idref="oc-90"/>
      </symbol>
      <symbol id="sm-fd9">
         <name>__aeabi_memclr4</name>
         <value>0xa08d</value>
         <object_component_ref idref="oc-90"/>
      </symbol>
      <symbol id="sm-fda">
         <name>__aeabi_memclr</name>
         <value>0xa08d</value>
         <object_component_ref idref="oc-90"/>
      </symbol>
      <symbol id="sm-1002">
         <name>__TI_auto_init_nobinit_nopinit</name>
         <value>0xa441</value>
         <object_component_ref idref="oc-136"/>
      </symbol>
      <symbol id="sm-100c">
         <name>_system_pre_init</name>
         <value>0xa6a1</value>
         <object_component_ref idref="oc-96"/>
      </symbol>
      <symbol id="sm-1018">
         <name>C$$EXIT</name>
         <value>0xa6a5</value>
         <object_component_ref idref="oc-12a"/>
      </symbol>
      <symbol id="sm-1019">
         <name>abort</name>
         <value>0xa6a5</value>
         <object_component_ref idref="oc-12a"/>
      </symbol>
      <symbol id="sm-1031">
         <name>atoi</name>
         <value>0xa3ad</value>
         <object_component_ref idref="oc-3d0"/>
      </symbol>
      <symbol id="sm-103c">
         <name>_ctypes_</name>
         <value>0xf591</value>
         <object_component_ref idref="oc-455"/>
      </symbol>
      <symbol id="sm-104b">
         <name>ltoa</name>
         <value>0xa307</value>
         <object_component_ref idref="oc-461"/>
      </symbol>
      <symbol id="sm-105b">
         <name>memccpy</name>
         <value>0xa5db</value>
         <object_component_ref idref="oc-3f9"/>
      </symbol>
      <symbol id="sm-106b">
         <name>strchr</name>
         <value>0xa629</value>
         <object_component_ref idref="oc-48e"/>
      </symbol>
      <symbol id="sm-1079">
         <name>strlen</name>
         <value>0xa63f</value>
         <object_component_ref idref="oc-3ca"/>
      </symbol>
      <symbol id="sm-108f">
         <name>__aeabi_errno_addr</name>
         <value>0xa699</value>
         <object_component_ref idref="oc-405"/>
      </symbol>
      <symbol id="sm-1090">
         <name>errno</name>
         <value>0x20000738</value>
         <object_component_ref idref="oc-49e"/>
      </symbol>
      <symbol id="sm-10a9">
         <name>wcslen</name>
         <value>0xa653</value>
         <object_component_ref idref="oc-3ff"/>
      </symbol>
      <symbol id="sm-10b3">
         <name>__aeabi_idiv0</name>
         <value>0x39eb</value>
         <object_component_ref idref="oc-4bf"/>
      </symbol>
      <symbol id="sm-10b4">
         <name>__aeabi_ldiv0</name>
         <value>0x39eb</value>
         <object_component_ref idref="oc-4bf"/>
      </symbol>
      <symbol id="sm-10b5">
         <name>__TI_static_base__</name>
         <value>0x0</value>
      </symbol>
      <symbol id="sm-10b8">
         <name>__mpu_init</name>
         <value>0x0</value>
      </symbol>
      <symbol id="sm-10b9">
         <name>_system_post_cinit</name>
         <value>0x0</value>
      </symbol>
      <symbol id="sm-10ba">
         <name>NMI_Handler</name>
         <value>0xa67f</value>
      </symbol>
      <symbol id="sm-10bb">
         <name>HardFault_Handler</name>
         <value>0xa67f</value>
      </symbol>
      <symbol id="sm-10bc">
         <name>MemManage_Handler</name>
         <value>0xa67f</value>
      </symbol>
      <symbol id="sm-10bd">
         <name>BusFault_Handler</name>
         <value>0xa67f</value>
      </symbol>
      <symbol id="sm-10be">
         <name>UsageFault_Handler</name>
         <value>0xa67f</value>
      </symbol>
      <symbol id="sm-10bf">
         <name>SVC_Handler</name>
         <value>0xa67f</value>
      </symbol>
      <symbol id="sm-10c0">
         <name>DebugMon_Handler</name>
         <value>0xa67f</value>
      </symbol>
      <symbol id="sm-10c1">
         <name>PendSV_Handler</name>
         <value>0xa67f</value>
      </symbol>
      <symbol id="sm-10c2">
         <name>SysTick_Handler</name>
         <value>0xa67f</value>
      </symbol>
      <symbol id="sm-10c3">
         <name>PSS_IRQHandler</name>
         <value>0xa67f</value>
      </symbol>
      <symbol id="sm-10c4">
         <name>CS_IRQHandler</name>
         <value>0xa67f</value>
      </symbol>
      <symbol id="sm-10c5">
         <name>PCM_IRQHandler</name>
         <value>0xa67f</value>
      </symbol>
      <symbol id="sm-10c6">
         <name>WDT_A_IRQHandler</name>
         <value>0xa67f</value>
      </symbol>
      <symbol id="sm-10c7">
         <name>FPU_IRQHandler</name>
         <value>0xa67f</value>
      </symbol>
      <symbol id="sm-10c8">
         <name>FLCTL_IRQHandler</name>
         <value>0xa67f</value>
      </symbol>
      <symbol id="sm-10c9">
         <name>COMP_E0_IRQHandler</name>
         <value>0xa67f</value>
      </symbol>
      <symbol id="sm-10ca">
         <name>COMP_E1_IRQHandler</name>
         <value>0xa67f</value>
      </symbol>
      <symbol id="sm-10cb">
         <name>TA0_0_IRQHandler</name>
         <value>0xa67f</value>
      </symbol>
      <symbol id="sm-10cc">
         <name>TA0_N_IRQHandler</name>
         <value>0x8919</value>
      </symbol>
      <symbol id="sm-10cd">
         <name>TA1_0_IRQHandler</name>
         <value>0x88bd</value>
      </symbol>
      <symbol id="sm-10ce">
         <name>TA1_N_IRQHandler</name>
         <value>0xa67f</value>
      </symbol>
      <symbol id="sm-10cf">
         <name>TA2_0_IRQHandler</name>
         <value>0xa67f</value>
      </symbol>
      <symbol id="sm-10d0">
         <name>TA2_N_IRQHandler</name>
         <value>0x88f5</value>
      </symbol>
      <symbol id="sm-10d1">
         <name>TA3_0_IRQHandler</name>
         <value>0x88d5</value>
      </symbol>
      <symbol id="sm-10d2">
         <name>TA3_N_IRQHandler</name>
         <value>0xa67f</value>
      </symbol>
      <symbol id="sm-10d3">
         <name>EUSCIA0_IRQHandler</name>
         <value>0xa67f</value>
      </symbol>
      <symbol id="sm-10d4">
         <name>EUSCIA1_IRQHandler</name>
         <value>0xa67f</value>
      </symbol>
      <symbol id="sm-10d5">
         <name>EUSCIA2_IRQHandler</name>
         <value>0xa67f</value>
      </symbol>
      <symbol id="sm-10d6">
         <name>EUSCIA3_IRQHandler</name>
         <value>0xa67f</value>
      </symbol>
      <symbol id="sm-10d7">
         <name>EUSCIB0_IRQHandler</name>
         <value>0xa67f</value>
      </symbol>
      <symbol id="sm-10d8">
         <name>EUSCIB1_IRQHandler</name>
         <value>0xa67f</value>
      </symbol>
      <symbol id="sm-10d9">
         <name>EUSCIB2_IRQHandler</name>
         <value>0xa67f</value>
      </symbol>
      <symbol id="sm-10da">
         <name>EUSCIB3_IRQHandler</name>
         <value>0xa67f</value>
      </symbol>
      <symbol id="sm-10db">
         <name>ADC14_IRQHandler</name>
         <value>0xa67f</value>
      </symbol>
      <symbol id="sm-10dc">
         <name>T32_INT1_IRQHandler</name>
         <value>0xa67f</value>
      </symbol>
      <symbol id="sm-10dd">
         <name>T32_INT2_IRQHandler</name>
         <value>0xa67f</value>
      </symbol>
      <symbol id="sm-10de">
         <name>T32_INTC_IRQHandler</name>
         <value>0xa67f</value>
      </symbol>
      <symbol id="sm-10df">
         <name>AES256_IRQHandler</name>
         <value>0xa67f</value>
      </symbol>
      <symbol id="sm-10e0">
         <name>RTC_C_IRQHandler</name>
         <value>0xa67f</value>
      </symbol>
      <symbol id="sm-10e1">
         <name>DMA_ERR_IRQHandler</name>
         <value>0xa67f</value>
      </symbol>
      <symbol id="sm-10e2">
         <name>DMA_INT3_IRQHandler</name>
         <value>0xa67f</value>
      </symbol>
      <symbol id="sm-10e3">
         <name>DMA_INT2_IRQHandler</name>
         <value>0xa67f</value>
      </symbol>
      <symbol id="sm-10e4">
         <name>DMA_INT1_IRQHandler</name>
         <value>0xa67f</value>
      </symbol>
      <symbol id="sm-10e5">
         <name>DMA_INT0_IRQHandler</name>
         <value>0xa67f</value>
      </symbol>
      <symbol id="sm-10e6">
         <name>PORT1_IRQHandler</name>
         <value>0x8c9b</value>
      </symbol>
      <symbol id="sm-10e7">
         <name>PORT2_IRQHandler</name>
         <value>0x8ccd</value>
      </symbol>
      <symbol id="sm-10e8">
         <name>PORT3_IRQHandler</name>
         <value>0x8cf5</value>
      </symbol>
      <symbol id="sm-10e9">
         <name>PORT4_IRQHandler</name>
         <value>0xa67f</value>
      </symbol>
      <symbol id="sm-10ea">
         <name>PORT5_IRQHandler</name>
         <value>0xa67f</value>
      </symbol>
      <symbol id="sm-10eb">
         <name>PORT6_IRQHandler</name>
         <value>0xa67f</value>
      </symbol>
   </symbol_table>
   <title>Link successful</title>
</link_info>
